2026-08-31 10:59:26.536: [INFO] CurrentProfilePath: D:\Java-Advance\.metadata\.plugins\org.eclipse.swt\EBWebView\Default
2026-08-31 10:59:26.536: [INFO] Profiles total count: 1
2026-08-31 10:59:26.536: [INFO] Profile: name=Profile 1 path=D:\Java-Advance\.metadata\.plugins\org.eclipse.swt\EBWebView\Default lastActive=null
2026-08-31 10:59:26.536: [INFO] LastUsedProfileDir: D:\Java-Advance\.metadata\.plugins\org.eclipse.swt\EBWebView\Default
2026-08-31 10:59:26.536: [INFO] OnDoneLoading sync enabled: 0
2026-08-31 10:59:26.536: [INFO] BookmarkModelLoaded, ids_reassigned: 0
2026-08-31 10:59:26.536: [INFO] BookmarksLoadDropped droppedNodes=0
2026-08-31 10:59:26.536: [INFO] BookmarksSnapshot Startup total=0 bar=0 other=0 mobile=0 showBar=0 showBarNTP=1
2026-08-31 10:59:46.045: [INFO] BookmarksSnapshot Shutdown total=0 bar=0 other=0 mobile=0 showBar=0 showBarNTP=1
2026-09-01 09:59:10.628: [INFO] CurrentProfilePath: D:\Java-Advance\.metadata\.plugins\org.eclipse.swt\EBWebView\Default
2026-09-01 09:59:10.628: [INFO] Profiles total count: 1
2026-09-01 09:59:10.628: [INFO] Profile: name=Profile 1 path=D:\Java-Advance\.metadata\.plugins\org.eclipse.swt\EBWebView\Default lastActive=2026-08-31T10:59:43.822Z
2026-09-01 09:59:10.628: [INFO] LastUsedProfileDir: D:\Java-Advance\.metadata\.plugins\org.eclipse.swt\EBWebView\Default
2026-09-01 09:59:10.629: [INFO] MostRecentlyActiveProfile: name=Profile 1 path=D:\Java-Advance\.metadata\.plugins\org.eclipse.swt\EBWebView\Default lastActive=2026-08-31T10:59:43.822Z
2026-09-01 09:59:10.629: [INFO] OnDoneLoading sync enabled: 0
2026-09-01 09:59:10.629: [INFO] BookmarkModelLoaded, ids_reassigned: 0
2026-09-01 09:59:10.629: [INFO] BookmarksLoadDropped droppedNodes=0
2026-09-01 09:59:10.629: [INFO] BookmarksSnapshot Startup total=0 bar=0 other=0 mobile=0 showBar=0 showBarNTP=1
2026-09-01 10:05:08.536: [INFO] BookmarksSnapshot Shutdown total=0 bar=0 other=0 mobile=0 showBar=0 showBarNTP=1
2026-09-01 10:05:08.657: [INFO] CurrentProfilePath: D:\Java-Advance\.metadata\.plugins\org.eclipse.swt\EBWebView\Default
2026-09-01 10:05:08.657: [INFO] Profiles total count: 1
2026-09-01 10:05:08.657: [INFO] Profile: name=Profile 1 path=D:\Java-Advance\.metadata\.plugins\org.eclipse.swt\EBWebView\Default lastActive=2026-08-31T10:59:43.822Z
2026-09-01 10:05:08.657: [INFO] LastUsedProfileDir: D:\Java-Advance\.metadata\.plugins\org.eclipse.swt\EBWebView\Default
2026-09-01 10:05:08.657: [INFO] MostRecentlyActiveProfile: name=Profile 1 path=D:\Java-Advance\.metadata\.plugins\org.eclipse.swt\EBWebView\Default lastActive=2026-08-31T10:59:43.822Z
2026-09-01 10:05:08.657: [INFO] OnDoneLoading sync enabled: 0
2026-09-01 10:05:08.657: [INFO] BookmarkModelLoaded, ids_reassigned: 0
2026-09-01 10:05:08.657: [INFO] BookmarksLoadDropped droppedNodes=0
2026-09-01 10:05:08.657: [INFO] BookmarksSnapshot Startup total=0 bar=0 other=0 mobile=0 showBar=0 showBarNTP=1
2026-09-01 10:13:09.713: [INFO] BookmarksSnapshot Shutdown total=0 bar=0 other=0 mobile=0 showBar=0 showBarNTP=1
2026-09-01 10:13:09.805: [INFO] CurrentProfilePath: D:\Java-Advance\.metadata\.plugins\org.eclipse.swt\EBWebView\Default
2026-09-01 10:13:09.805: [INFO] Profiles total count: 1
2026-09-01 10:13:09.806: [INFO] Profile: name=Profile 1 path=D:\Java-Advance\.metadata\.plugins\org.eclipse.swt\EBWebView\Default lastActive=2026-08-31T10:59:43.822Z
2026-09-01 10:13:09.806: [INFO] LastUsedProfileDir: D:\Java-Advance\.metadata\.plugins\org.eclipse.swt\EBWebView\Default
2026-09-01 10:13:09.806: [INFO] MostRecentlyActiveProfile: name=Profile 1 path=D:\Java-Advance\.metadata\.plugins\org.eclipse.swt\EBWebView\Default lastActive=2026-08-31T10:59:43.822Z
2026-09-01 10:13:09.806: [INFO] OnDoneLoading sync enabled: 0
2026-09-01 10:13:09.806: [INFO] BookmarkModelLoaded, ids_reassigned: 0
2026-09-01 10:13:09.806: [INFO] BookmarksLoadDropped droppedNodes=0
2026-09-01 10:13:09.806: [INFO] BookmarksSnapshot Startup total=0 bar=0 other=0 mobile=0 showBar=0 showBarNTP=1
2026-09-01 10:41:40.077: [INFO] BookmarksSnapshot Shutdown total=0 bar=0 other=0 mobile=0 showBar=0 showBarNTP=1
2026-09-01 10:49:48.399: [INFO] CurrentProfilePath: D:\Java-Advance\.metadata\.plugins\org.eclipse.swt\EBWebView\Default
2026-09-01 10:49:48.399: [INFO] Profiles total count: 1
2026-09-01 10:49:48.399: [INFO] Profile: name=Profile 1 path=D:\Java-Advance\.metadata\.plugins\org.eclipse.swt\EBWebView\Default lastActive=2026-08-31T10:59:43.822Z
2026-09-01 10:49:48.399: [INFO] LastUsedProfileDir: D:\Java-Advance\.metadata\.plugins\org.eclipse.swt\EBWebView\Default
2026-09-01 10:49:48.399: [INFO] MostRecentlyActiveProfile: name=Profile 1 path=D:\Java-Advance\.metadata\.plugins\org.eclipse.swt\EBWebView\Default lastActive=2026-08-31T10:59:43.822Z
2026-09-01 10:49:48.399: [INFO] OnDoneLoading sync enabled: 0
2026-09-01 10:49:48.399: [INFO] BookmarkModelLoaded, ids_reassigned: 0
2026-09-01 10:49:48.399: [INFO] BookmarksLoadDropped droppedNodes=0
2026-09-01 10:49:48.399: [INFO] BookmarksSnapshot Startup total=0 bar=0 other=0 mobile=0 showBar=0 showBarNTP=1
2026-09-01 10:49:54.232: [INFO] BookmarksSnapshot Shutdown total=0 bar=0 other=0 mobile=0 showBar=0 showBarNTP=1
2026-09-01 10:51:46.093: [INFO] CurrentProfilePath: D:\Java-Advance\.metadata\.plugins\org.eclipse.swt\EBWebView\Default
2026-09-01 10:51:46.093: [INFO] Profiles total count: 1
2026-09-01 10:51:46.094: [INFO] Profile: name=Profile 1 path=D:\Java-Advance\.metadata\.plugins\org.eclipse.swt\EBWebView\Default lastActive=2026-08-31T10:59:43.822Z
2026-09-01 10:51:46.094: [INFO] LastUsedProfileDir: D:\Java-Advance\.metadata\.plugins\org.eclipse.swt\EBWebView\Default
2026-09-01 10:51:46.094: [INFO] MostRecentlyActiveProfile: name=Profile 1 path=D:\Java-Advance\.metadata\.plugins\org.eclipse.swt\EBWebView\Default lastActive=2026-08-31T10:59:43.822Z
2026-09-01 10:51:46.094: [INFO] OnDoneLoading sync enabled: 0
2026-09-01 10:51:46.094: [INFO] BookmarkModelLoaded, ids_reassigned: 0
2026-09-01 10:51:46.094: [INFO] BookmarksLoadDropped droppedNodes=0
2026-09-01 10:51:46.094: [INFO] BookmarksSnapshot Startup total=0 bar=0 other=0 mobile=0 showBar=0 showBarNTP=1
2026-09-01 10:51:49.186: [INFO] BookmarksSnapshot Shutdown total=0 bar=0 other=0 mobile=0 showBar=0 showBarNTP=1
2026-09-01 10:52:05.883: [INFO] CurrentProfilePath: D:\Java-Advance\.metadata\.plugins\org.eclipse.swt\EBWebView\Default
2026-09-01 10:52:05.883: [INFO] Profiles total count: 1
2026-09-01 10:52:05.883: [INFO] Profile: name=Profile 1 path=D:\Java-Advance\.metadata\.plugins\org.eclipse.swt\EBWebView\Default lastActive=2026-08-31T10:59:43.822Z
2026-09-01 10:52:05.883: [INFO] LastUsedProfileDir: D:\Java-Advance\.metadata\.plugins\org.eclipse.swt\EBWebView\Default
2026-09-01 10:52:05.883: [INFO] MostRecentlyActiveProfile: name=Profile 1 path=D:\Java-Advance\.metadata\.plugins\org.eclipse.swt\EBWebView\Default lastActive=2026-08-31T10:59:43.822Z
2026-09-01 10:52:05.883: [INFO] OnDoneLoading sync enabled: 0
2026-09-01 10:52:05.883: [INFO] BookmarkModelLoaded, ids_reassigned: 0
2026-09-01 10:52:05.883: [INFO] BookmarksLoadDropped droppedNodes=0
2026-09-01 10:52:05.883: [INFO] BookmarksSnapshot Startup total=0 bar=0 other=0 mobile=0 showBar=0 showBarNTP=1
2026-09-01 10:52:11.551: [INFO] BookmarksSnapshot Shutdown total=0 bar=0 other=0 mobile=0 showBar=0 showBarNTP=1
2026-09-01 10:52:27.043: [INFO] CurrentProfilePath: D:\Java-Advance\.metadata\.plugins\org.eclipse.swt\EBWebView\Default
2026-09-01 10:52:27.043: [INFO] Profiles total count: 1
2026-09-01 10:52:27.043: [INFO] Profile: name=Profile 1 path=D:\Java-Advance\.metadata\.plugins\org.eclipse.swt\EBWebView\Default lastActive=2026-08-31T10:59:43.822Z
2026-09-01 10:52:27.043: [INFO] LastUsedProfileDir: D:\Java-Advance\.metadata\.plugins\org.eclipse.swt\EBWebView\Default
2026-09-01 10:52:27.043: [INFO] MostRecentlyActiveProfile: name=Profile 1 path=D:\Java-Advance\.metadata\.plugins\org.eclipse.swt\EBWebView\Default lastActive=2026-08-31T10:59:43.822Z
2026-09-01 10:52:27.043: [INFO] OnDoneLoading sync enabled: 0
2026-09-01 10:52:27.043: [INFO] BookmarkModelLoaded, ids_reassigned: 0
2026-09-01 10:52:27.043: [INFO] BookmarksLoadDropped droppedNodes=0
2026-09-01 10:52:27.043: [INFO] BookmarksSnapshot Startup total=0 bar=0 other=0 mobile=0 showBar=0 showBarNTP=1
2026-09-01 10:52:30.598: [INFO] BookmarksSnapshot Shutdown total=0 bar=0 other=0 mobile=0 showBar=0 showBarNTP=1
2026-09-01 10:58:38.506: [INFO] CurrentProfilePath: D:\Java-Advance\.metadata\.plugins\org.eclipse.swt\EBWebView\Default
2026-09-01 10:58:38.506: [INFO] Profiles total count: 1
2026-09-01 10:58:38.507: [INFO] Profile: name=Profile 1 path=D:\Java-Advance\.metadata\.plugins\org.eclipse.swt\EBWebView\Default lastActive=2026-08-31T10:59:43.822Z
2026-09-01 10:58:38.507: [INFO] LastUsedProfileDir: D:\Java-Advance\.metadata\.plugins\org.eclipse.swt\EBWebView\Default
2026-09-01 10:58:38.507: [INFO] MostRecentlyActiveProfile: name=Profile 1 path=D:\Java-Advance\.metadata\.plugins\org.eclipse.swt\EBWebView\Default lastActive=2026-08-31T10:59:43.822Z
2026-09-01 10:58:38.507: [INFO] OnDoneLoading sync enabled: 0
2026-09-01 10:58:38.507: [INFO] BookmarkModelLoaded, ids_reassigned: 0
2026-09-01 10:58:38.507: [INFO] BookmarksLoadDropped droppedNodes=0
2026-09-01 10:58:38.507: [INFO] BookmarksSnapshot Startup total=0 bar=0 other=0 mobile=0 showBar=0 showBarNTP=1
2026-09-01 10:58:42.948: [INFO] BookmarksSnapshot Shutdown total=0 bar=0 other=0 mobile=0 showBar=0 showBarNTP=1
2026-09-01 11:01:08.896: [INFO] CurrentProfilePath: D:\Java-Advance\.metadata\.plugins\org.eclipse.swt\EBWebView\Default
2026-09-01 11:01:08.896: [INFO] Profiles total count: 1
2026-09-01 11:01:08.896: [INFO] Profile: name=Profile 1 path=D:\Java-Advance\.metadata\.plugins\org.eclipse.swt\EBWebView\Default lastActive=2026-08-31T10:59:43.822Z
2026-09-01 11:01:08.896: [INFO] LastUsedProfileDir: D:\Java-Advance\.metadata\.plugins\org.eclipse.swt\EBWebView\Default
2026-09-01 11:01:08.897: [INFO] MostRecentlyActiveProfile: name=Profile 1 path=D:\Java-Advance\.metadata\.plugins\org.eclipse.swt\EBWebView\Default lastActive=2026-08-31T10:59:43.822Z
2026-09-01 11:01:08.897: [INFO] OnDoneLoading sync enabled: 0
2026-09-01 11:01:08.897: [INFO] BookmarkModelLoaded, ids_reassigned: 0
2026-09-01 11:01:08.897: [INFO] BookmarksLoadDropped droppedNodes=0
2026-09-01 11:01:08.897: [INFO] BookmarksSnapshot Startup total=0 bar=0 other=0 mobile=0 showBar=0 showBarNTP=1
2026-09-01 11:05:05.557: [INFO] BookmarksSnapshot Shutdown total=0 bar=0 other=0 mobile=0 showBar=0 showBarNTP=1
2026-09-02 09:40:42.657: [INFO] CurrentProfilePath: D:\Java-Servlet\.metadata\.plugins\org.eclipse.swt\EBWebView\Default
2026-09-02 09:40:42.657: [INFO] Profiles total count: 1
2026-09-02 09:40:42.658: [INFO] Profile: name=Profile 1 path=D:\Java-Servlet\.metadata\.plugins\org.eclipse.swt\EBWebView\Default lastActive=2026-08-31T10:59:43.822Z
2026-09-02 09:40:42.658: [INFO] LastUsedProfileDir: D:\Java-Servlet\.metadata\.plugins\org.eclipse.swt\EBWebView\Default
2026-09-02 09:40:42.658: [INFO] MostRecentlyActiveProfile: name=Profile 1 path=D:\Java-Servlet\.metadata\.plugins\org.eclipse.swt\EBWebView\Default lastActive=2026-08-31T10:59:43.822Z
2026-09-02 09:40:42.658: [INFO] OnDoneLoading sync enabled: 0
2026-09-02 09:40:42.658: [INFO] BookmarkModelLoaded, ids_reassigned: 0
2026-09-02 09:40:42.658: [INFO] BookmarksLoadDropped droppedNodes=0
2026-09-02 09:40:42.658: [INFO] BookmarksSnapshot Startup total=0 bar=0 other=0 mobile=0 showBar=0 showBarNTP=1
2026-09-02 10:20:45.463: [INFO] BookmarksSnapshot Shutdown total=0 bar=0 other=0 mobile=0 showBar=0 showBarNTP=1
2026-09-02 10:24:29.826: [INFO] CurrentProfilePath: D:\Java-Servlet\.metadata\.plugins\org.eclipse.swt\EBWebView\Default
2026-09-02 10:24:29.826: [INFO] Profiles total count: 1
2026-09-02 10:24:29.826: [INFO] Profile: name=Profile 1 path=D:\Java-Servlet\.metadata\.plugins\org.eclipse.swt\EBWebView\Default lastActive=2026-08-31T10:59:43.822Z
2026-09-02 10:24:29.826: [INFO] LastUsedProfileDir: D:\Java-Servlet\.metadata\.plugins\org.eclipse.swt\EBWebView\Default
2026-09-02 10:24:29.826: [INFO] MostRecentlyActiveProfile: name=Profile 1 path=D:\Java-Servlet\.metadata\.plugins\org.eclipse.swt\EBWebView\Default lastActive=2026-08-31T10:59:43.822Z
2026-09-02 10:24:29.826: [INFO] OnDoneLoading sync enabled: 0
2026-09-02 10:24:29.826: [INFO] BookmarkModelLoaded, ids_reassigned: 0
2026-09-02 10:24:29.826: [INFO] BookmarksLoadDropped droppedNodes=0
2026-09-02 10:24:29.826: [INFO] BookmarksSnapshot Startup total=0 bar=0 other=0 mobile=0 showBar=0 showBarNTP=1
2026-09-02 10:24:49.987: [INFO] BookmarksSnapshot Shutdown total=0 bar=0 other=0 mobile=0 showBar=0 showBarNTP=1
2026-09-02 10:25:15.981: [INFO] CurrentProfilePath: D:\Java-Servlet\.metadata\.plugins\org.eclipse.swt\EBWebView\Default
2026-09-02 10:25:15.981: [INFO] Profiles total count: 1
2026-09-02 10:25:15.982: [INFO] Profile: name=Profile 1 path=D:\Java-Servlet\.metadata\.plugins\org.eclipse.swt\EBWebView\Default lastActive=2026-08-31T10:59:43.822Z
2026-09-02 10:25:15.982: [INFO] LastUsedProfileDir: D:\Java-Servlet\.metadata\.plugins\org.eclipse.swt\EBWebView\Default
2026-09-02 10:25:15.982: [INFO] MostRecentlyActiveProfile: name=Profile 1 path=D:\Java-Servlet\.metadata\.plugins\org.eclipse.swt\EBWebView\Default lastActive=2026-08-31T10:59:43.822Z
2026-09-02 10:25:15.982: [INFO] OnDoneLoading sync enabled: 0
2026-09-02 10:25:15.982: [INFO] BookmarkModelLoaded, ids_reassigned: 0
2026-09-02 10:25:15.982: [INFO] BookmarksLoadDropped droppedNodes=0
2026-09-02 10:25:15.982: [INFO] BookmarksSnapshot Startup total=0 bar=0 other=0 mobile=0 showBar=0 showBarNTP=1
2026-09-02 10:25:20.611: [INFO] BookmarksSnapshot Shutdown total=0 bar=0 other=0 mobile=0 showBar=0 showBarNTP=1
2026-09-02 10:31:59.242: [INFO] CurrentProfilePath: D:\Java-Servlet\.metadata\.plugins\org.eclipse.swt\EBWebView\Default
2026-09-02 10:31:59.242: [INFO] Profiles total count: 1
2026-09-02 10:31:59.243: [INFO] Profile: name=Profile 1 path=D:\Java-Servlet\.metadata\.plugins\org.eclipse.swt\EBWebView\Default lastActive=2026-08-31T10:59:43.822Z
2026-09-02 10:31:59.243: [INFO] LastUsedProfileDir: D:\Java-Servlet\.metadata\.plugins\org.eclipse.swt\EBWebView\Default
2026-09-02 10:31:59.243: [INFO] MostRecentlyActiveProfile: name=Profile 1 path=D:\Java-Servlet\.metadata\.plugins\org.eclipse.swt\EBWebView\Default lastActive=2026-08-31T10:59:43.822Z
2026-09-02 10:31:59.243: [INFO] OnDoneLoading sync enabled: 0
2026-09-02 10:31:59.243: [INFO] BookmarkModelLoaded, ids_reassigned: 0
2026-09-02 10:31:59.243: [INFO] BookmarksLoadDropped droppedNodes=0
2026-09-02 10:31:59.243: [INFO] BookmarksSnapshot Startup total=0 bar=0 other=0 mobile=0 showBar=0 showBarNTP=1
2026-09-02 10:32:07.089: [INFO] BookmarksSnapshot Shutdown total=0 bar=0 other=0 mobile=0 showBar=0 showBarNTP=1
2026-09-02 10:32:34.598: [INFO] CurrentProfilePath: D:\Java-Servlet\.metadata\.plugins\org.eclipse.swt\EBWebView\Default
2026-09-02 10:32:34.598: [INFO] Profiles total count: 1
2026-09-02 10:32:34.599: [INFO] Profile: name=Profile 1 path=D:\Java-Servlet\.metadata\.plugins\org.eclipse.swt\EBWebView\Default lastActive=2026-08-31T10:59:43.822Z
2026-09-02 10:32:34.599: [INFO] LastUsedProfileDir: D:\Java-Servlet\.metadata\.plugins\org.eclipse.swt\EBWebView\Default
2026-09-02 10:32:34.599: [INFO] MostRecentlyActiveProfile: name=Profile 1 path=D:\Java-Servlet\.metadata\.plugins\org.eclipse.swt\EBWebView\Default lastActive=2026-08-31T10:59:43.822Z
2026-09-02 10:32:34.599: [INFO] OnDoneLoading sync enabled: 0
2026-09-02 10:32:34.599: [INFO] BookmarkModelLoaded, ids_reassigned: 0
2026-09-02 10:32:34.599: [INFO] BookmarksLoadDropped droppedNodes=0
2026-09-02 10:32:34.599: [INFO] BookmarksSnapshot Startup total=0 bar=0 other=0 mobile=0 showBar=0 showBarNTP=1
2026-09-02 10:32:42.727: [INFO] BookmarksSnapshot Shutdown total=0 bar=0 other=0 mobile=0 showBar=0 showBarNTP=1
2026-09-02 10:38:23.658: [INFO] CurrentProfilePath: D:\Java-Servlet\.metadata\.plugins\org.eclipse.swt\EBWebView\Default
2026-09-02 10:38:23.658: [INFO] Profiles total count: 1
2026-09-02 10:38:23.658: [INFO] Profile: name=Profile 1 path=D:\Java-Servlet\.metadata\.plugins\org.eclipse.swt\EBWebView\Default lastActive=2026-08-31T10:59:43.822Z
2026-09-02 10:38:23.658: [INFO] LastUsedProfileDir: D:\Java-Servlet\.metadata\.plugins\org.eclipse.swt\EBWebView\Default
2026-09-02 10:38:23.658: [INFO] MostRecentlyActiveProfile: name=Profile 1 path=D:\Java-Servlet\.metadata\.plugins\org.eclipse.swt\EBWebView\Default lastActive=2026-08-31T10:59:43.822Z
2026-09-02 10:38:23.658: [INFO] OnDoneLoading sync enabled: 0
2026-09-02 10:38:23.658: [INFO] BookmarkModelLoaded, ids_reassigned: 0
2026-09-02 10:38:23.658: [INFO] BookmarksLoadDropped droppedNodes=0
2026-09-02 10:38:23.658: [INFO] BookmarksSnapshot Startup total=0 bar=0 other=0 mobile=0 showBar=0 showBarNTP=1
2026-09-02 10:54:37.989: [INFO] BookmarksSnapshot Shutdown total=0 bar=0 other=0 mobile=0 showBar=0 showBarNTP=1
2026-09-02 13:01:10.322: [INFO] CurrentProfilePath: D:\Java-Servlet\.metadata\.plugins\org.eclipse.swt\EBWebView\Default
2026-09-02 13:01:10.322: [INFO] Profiles total count: 1
2026-09-02 13:01:10.322: [INFO] Profile: name=Profile 1 path=D:\Java-Servlet\.metadata\.plugins\org.eclipse.swt\EBWebView\Default lastActive=2026-08-31T10:59:43.822Z
2026-09-02 13:01:10.322: [INFO] LastUsedProfileDir: D:\Java-Servlet\.metadata\.plugins\org.eclipse.swt\EBWebView\Default
2026-09-02 13:01:10.322: [INFO] MostRecentlyActiveProfile: name=Profile 1 path=D:\Java-Servlet\.metadata\.plugins\org.eclipse.swt\EBWebView\Default lastActive=2026-08-31T10:59:43.822Z
2026-09-02 13:01:10.322: [INFO] OnDoneLoading sync enabled: 0
2026-09-02 13:01:10.322: [INFO] BookmarkModelLoaded, ids_reassigned: 0
2026-09-02 13:01:10.322: [INFO] BookmarksLoadDropped droppedNodes=0
2026-09-02 13:01:10.322: [INFO] BookmarksSnapshot Startup total=0 bar=0 other=0 mobile=0 showBar=0 showBarNTP=1
2026-09-02 13:43:14.979: [INFO] BookmarksSnapshot Shutdown total=0 bar=0 other=0 mobile=0 showBar=0 showBarNTP=1
2026-09-03 10:12:29.707: [INFO] CurrentProfilePath: D:\Java-Servlet\.metadata\.plugins\org.eclipse.swt\EBWebView\Default
2026-09-03 10:12:29.707: [INFO] Profiles total count: 1
2026-09-03 10:12:29.707: [INFO] Profile: name=Profile 1 path=D:\Java-Servlet\.metadata\.plugins\org.eclipse.swt\EBWebView\Default lastActive=2026-08-31T10:59:43.822Z
2026-09-03 10:12:29.707: [INFO] LastUsedProfileDir: D:\Java-Servlet\.metadata\.plugins\org.eclipse.swt\EBWebView\Default
2026-09-03 10:12:29.707: [INFO] MostRecentlyActiveProfile: name=Profile 1 path=D:\Java-Servlet\.metadata\.plugins\org.eclipse.swt\EBWebView\Default lastActive=2026-08-31T10:59:43.822Z
2026-09-03 10:12:29.707: [INFO] OnDoneLoading sync enabled: 0
2026-09-03 10:12:29.707: [INFO] BookmarkModelLoaded, ids_reassigned: 0
2026-09-03 10:12:29.707: [INFO] BookmarksLoadDropped droppedNodes=0
2026-09-03 10:12:29.707: [INFO] BookmarksSnapshot Startup total=0 bar=0 other=0 mobile=0 showBar=0 showBarNTP=1
2026-09-03 10:13:05.091: [INFO] BookmarksSnapshot Shutdown total=0 bar=0 other=0 mobile=0 showBar=0 showBarNTP=1
2026-09-03 10:34:13.926: [INFO] CurrentProfilePath: D:\Java-Servlet\.metadata\.plugins\org.eclipse.swt\EBWebView\Default
2026-09-03 10:34:13.926: [INFO] Profiles total count: 1
2026-09-03 10:34:13.926: [INFO] Profile: name=Profile 1 path=D:\Java-Servlet\.metadata\.plugins\org.eclipse.swt\EBWebView\Default lastActive=2026-08-31T10:59:43.822Z
2026-09-03 10:34:13.926: [INFO] LastUsedProfileDir: D:\Java-Servlet\.metadata\.plugins\org.eclipse.swt\EBWebView\Default
2026-09-03 10:34:13.926: [INFO] MostRecentlyActiveProfile: name=Profile 1 path=D:\Java-Servlet\.metadata\.plugins\org.eclipse.swt\EBWebView\Default lastActive=2026-08-31T10:59:43.822Z
2026-09-03 10:34:13.926: [INFO] OnDoneLoading sync enabled: 0
2026-09-03 10:34:13.926: [INFO] BookmarkModelLoaded, ids_reassigned: 0
2026-09-03 10:34:13.926: [INFO] BookmarksLoadDropped droppedNodes=0
2026-09-03 10:34:13.926: [INFO] BookmarksSnapshot Startup total=0 bar=0 other=0 mobile=0 showBar=0 showBarNTP=1
2026-09-03 10:34:17.009: [INFO] BookmarksSnapshot Shutdown total=0 bar=0 other=0 mobile=0 showBar=0 showBarNTP=1
2026-09-03 10:35:14.629: [INFO] CurrentProfilePath: D:\Java-Servlet\.metadata\.plugins\org.eclipse.swt\EBWebView\Default
2026-09-03 10:35:14.629: [INFO] Profiles total count: 1
2026-09-03 10:35:14.629: [INFO] Profile: name=Profile 1 path=D:\Java-Servlet\.metadata\.plugins\org.eclipse.swt\EBWebView\Default lastActive=2026-08-31T10:59:43.822Z
2026-09-03 10:35:14.629: [INFO] LastUsedProfileDir: D:\Java-Servlet\.metadata\.plugins\org.eclipse.swt\EBWebView\Default
2026-09-03 10:35:14.629: [INFO] MostRecentlyActiveProfile: name=Profile 1 path=D:\Java-Servlet\.metadata\.plugins\org.eclipse.swt\EBWebView\Default lastActive=2026-08-31T10:59:43.822Z
2026-09-03 10:35:14.629: [INFO] OnDoneLoading sync enabled: 0
2026-09-03 10:35:14.629: [INFO] BookmarkModelLoaded, ids_reassigned: 0
2026-09-03 10:35:14.630: [INFO] BookmarksLoadDropped droppedNodes=0
2026-09-03 10:35:14.630: [INFO] BookmarksSnapshot Startup total=0 bar=0 other=0 mobile=0 showBar=0 showBarNTP=1
2026-09-03 10:35:26.137: [INFO] BookmarksSnapshot Shutdown total=0 bar=0 other=0 mobile=0 showBar=0 showBarNTP=1
2026-09-03 10:40:26.853: [INFO] CurrentProfilePath: D:\Java-Servlet\.metadata\.plugins\org.eclipse.swt\EBWebView\Default
2026-09-03 10:40:26.853: [INFO] Profiles total count: 1
2026-09-03 10:40:26.853: [INFO] Profile: name=Profile 1 path=D:\Java-Servlet\.metadata\.plugins\org.eclipse.swt\EBWebView\Default lastActive=2026-08-31T10:59:43.822Z
2026-09-03 10:40:26.853: [INFO] LastUsedProfileDir: D:\Java-Servlet\.metadata\.plugins\org.eclipse.swt\EBWebView\Default
2026-09-03 10:40:26.853: [INFO] MostRecentlyActiveProfile: name=Profile 1 path=D:\Java-Servlet\.metadata\.plugins\org.eclipse.swt\EBWebView\Default lastActive=2026-08-31T10:59:43.822Z
2026-09-03 10:40:26.853: [INFO] OnDoneLoading sync enabled: 0
2026-09-03 10:40:26.853: [INFO] BookmarkModelLoaded, ids_reassigned: 0
2026-09-03 10:40:26.853: [INFO] BookmarksLoadDropped droppedNodes=0
2026-09-03 10:40:26.853: [INFO] BookmarksSnapshot Startup total=0 bar=0 other=0 mobile=0 showBar=0 showBarNTP=1
2026-09-03 10:40:32.443: [INFO] BookmarksSnapshot Shutdown total=0 bar=0 other=0 mobile=0 showBar=0 showBarNTP=1
2026-09-03 10:41:58.355: [INFO] CurrentProfilePath: D:\Java-Servlet\.metadata\.plugins\org.eclipse.swt\EBWebView\Default
2026-09-03 10:41:58.355: [INFO] Profiles total count: 1
2026-09-03 10:41:58.355: [INFO] Profile: name=Profile 1 path=D:\Java-Servlet\.metadata\.plugins\org.eclipse.swt\EBWebView\Default lastActive=2026-08-31T10:59:43.822Z
2026-09-03 10:41:58.355: [INFO] LastUsedProfileDir: D:\Java-Servlet\.metadata\.plugins\org.eclipse.swt\EBWebView\Default
2026-09-03 10:41:58.355: [INFO] MostRecentlyActiveProfile: name=Profile 1 path=D:\Java-Servlet\.metadata\.plugins\org.eclipse.swt\EBWebView\Default lastActive=2026-08-31T10:59:43.822Z
2026-09-03 10:41:58.355: [INFO] OnDoneLoading sync enabled: 0
2026-09-03 10:41:58.355: [INFO] BookmarkModelLoaded, ids_reassigned: 0
2026-09-03 10:41:58.355: [INFO] BookmarksLoadDropped droppedNodes=0
2026-09-03 10:41:58.355: [INFO] BookmarksSnapshot Startup total=0 bar=0 other=0 mobile=0 showBar=0 showBarNTP=1
2026-09-03 10:43:14.712: [INFO] BookmarksSnapshot Shutdown total=0 bar=0 other=0 mobile=0 showBar=0 showBarNTP=1
2026-09-03 10:44:55.704: [INFO] CurrentProfilePath: D:\Java-Servlet\.metadata\.plugins\org.eclipse.swt\EBWebView\Default
2026-09-03 10:44:55.704: [INFO] Profiles total count: 1
2026-09-03 10:44:55.704: [INFO] Profile: name=Profile 1 path=D:\Java-Servlet\.metadata\.plugins\org.eclipse.swt\EBWebView\Default lastActive=2026-08-31T10:59:43.822Z
2026-09-03 10:44:55.704: [INFO] LastUsedProfileDir: D:\Java-Servlet\.metadata\.plugins\org.eclipse.swt\EBWebView\Default
2026-09-03 10:44:55.704: [INFO] MostRecentlyActiveProfile: name=Profile 1 path=D:\Java-Servlet\.metadata\.plugins\org.eclipse.swt\EBWebView\Default lastActive=2026-08-31T10:59:43.822Z
2026-09-03 10:44:55.704: [INFO] OnDoneLoading sync enabled: 0
2026-09-03 10:44:55.704: [INFO] BookmarkModelLoaded, ids_reassigned: 0
2026-09-03 10:44:55.704: [INFO] BookmarksLoadDropped droppedNodes=0
2026-09-03 10:44:55.704: [INFO] BookmarksSnapshot Startup total=0 bar=0 other=0 mobile=0 showBar=0 showBarNTP=1
2026-09-03 10:46:44.344: [INFO] BookmarksSnapshot Shutdown total=0 bar=0 other=0 mobile=0 showBar=0 showBarNTP=1
2026-09-03 10:47:47.134: [INFO] CurrentProfilePath: D:\Java-Servlet\.metadata\.plugins\org.eclipse.swt\EBWebView\Default
2026-09-03 10:47:47.134: [INFO] Profiles total count: 1
2026-09-03 10:47:47.134: [INFO] Profile: name=Profile 1 path=D:\Java-Servlet\.metadata\.plugins\org.eclipse.swt\EBWebView\Default lastActive=2026-08-31T10:59:43.822Z
2026-09-03 10:47:47.134: [INFO] LastUsedProfileDir: D:\Java-Servlet\.metadata\.plugins\org.eclipse.swt\EBWebView\Default
2026-09-03 10:47:47.134: [INFO] MostRecentlyActiveProfile: name=Profile 1 path=D:\Java-Servlet\.metadata\.plugins\org.eclipse.swt\EBWebView\Default lastActive=2026-08-31T10:59:43.822Z
2026-09-03 10:47:47.134: [INFO] OnDoneLoading sync enabled: 0
2026-09-03 10:47:47.134: [INFO] BookmarkModelLoaded, ids_reassigned: 0
2026-09-03 10:47:47.134: [INFO] BookmarksLoadDropped droppedNodes=0
2026-09-03 10:47:47.134: [INFO] BookmarksSnapshot Startup total=0 bar=0 other=0 mobile=0 showBar=0 showBarNTP=1
2026-09-03 10:49:38.983: [INFO] BookmarksSnapshot Shutdown total=0 bar=0 other=0 mobile=0 showBar=0 showBarNTP=1
2026-09-03 10:53:08.355: [INFO] CurrentProfilePath: D:\Java-Servlet\.metadata\.plugins\org.eclipse.swt\EBWebView\Default
2026-09-03 10:53:08.355: [INFO] Profiles total count: 1
2026-09-03 10:53:08.355: [INFO] Profile: name=Profile 1 path=D:\Java-Servlet\.metadata\.plugins\org.eclipse.swt\EBWebView\Default lastActive=2026-08-31T10:59:43.822Z
2026-09-03 10:53:08.355: [INFO] LastUsedProfileDir: D:\Java-Servlet\.metadata\.plugins\org.eclipse.swt\EBWebView\Default
2026-09-03 10:53:08.355: [INFO] MostRecentlyActiveProfile: name=Profile 1 path=D:\Java-Servlet\.metadata\.plugins\org.eclipse.swt\EBWebView\Default lastActive=2026-08-31T10:59:43.822Z
2026-09-03 10:53:08.355: [INFO] OnDoneLoading sync enabled: 0
2026-09-03 10:53:08.355: [INFO] BookmarkModelLoaded, ids_reassigned: 0
2026-09-03 10:53:08.355: [INFO] BookmarksLoadDropped droppedNodes=0
2026-09-03 10:53:08.355: [INFO] BookmarksSnapshot Startup total=0 bar=0 other=0 mobile=0 showBar=0 showBarNTP=1
2026-09-03 10:53:15.208: [INFO] BookmarksSnapshot Shutdown total=0 bar=0 other=0 mobile=0 showBar=0 showBarNTP=1
2026-09-03 10:54:03.278: [INFO] CurrentProfilePath: D:\Java-Servlet\.metadata\.plugins\org.eclipse.swt\EBWebView\Default
2026-09-03 10:54:03.278: [INFO] Profiles total count: 1
2026-09-03 10:54:03.278: [INFO] Profile: name=Profile 1 path=D:\Java-Servlet\.metadata\.plugins\org.eclipse.swt\EBWebView\Default lastActive=2026-08-31T10:59:43.822Z
2026-09-03 10:54:03.278: [INFO] LastUsedProfileDir: D:\Java-Servlet\.metadata\.plugins\org.eclipse.swt\EBWebView\Default
2026-09-03 10:54:03.278: [INFO] MostRecentlyActiveProfile: name=Profile 1 path=D:\Java-Servlet\.metadata\.plugins\org.eclipse.swt\EBWebView\Default lastActive=2026-08-31T10:59:43.822Z
2026-09-03 10:54:03.278: [INFO] OnDoneLoading sync enabled: 0
2026-09-03 10:54:03.278: [INFO] BookmarkModelLoaded, ids_reassigned: 0
2026-09-03 10:54:03.278: [INFO] BookmarksLoadDropped droppedNodes=0
2026-09-03 10:54:03.278: [INFO] BookmarksSnapshot Startup total=0 bar=0 other=0 mobile=0 showBar=0 showBarNTP=1
2026-09-03 10:54:23.467: [INFO] BookmarksSnapshot Shutdown total=0 bar=0 other=0 mobile=0 showBar=0 showBarNTP=1
2026-09-03 10:57:16.998: [INFO] CurrentProfilePath: D:\Java-Servlet\.metadata\.plugins\org.eclipse.swt\EBWebView\Default
2026-09-03 10:57:16.998: [INFO] Profiles total count: 1
2026-09-03 10:57:16.998: [INFO] Profile: name=Profile 1 path=D:\Java-Servlet\.metadata\.plugins\org.eclipse.swt\EBWebView\Default lastActive=2026-08-31T10:59:43.822Z
2026-09-03 10:57:16.998: [INFO] LastUsedProfileDir: D:\Java-Servlet\.metadata\.plugins\org.eclipse.swt\EBWebView\Default
2026-09-03 10:57:16.998: [INFO] MostRecentlyActiveProfile: name=Profile 1 path=D:\Java-Servlet\.metadata\.plugins\org.eclipse.swt\EBWebView\Default lastActive=2026-08-31T10:59:43.822Z
2026-09-03 10:57:16.998: [INFO] OnDoneLoading sync enabled: 0
2026-09-03 10:57:16.998: [INFO] BookmarkModelLoaded, ids_reassigned: 0
2026-09-03 10:57:16.998: [INFO] BookmarksLoadDropped droppedNodes=0
2026-09-03 10:57:16.998: [INFO] BookmarksSnapshot Startup total=0 bar=0 other=0 mobile=0 showBar=0 showBarNTP=1
2026-09-03 10:57:27.228: [INFO] BookmarksSnapshot Shutdown total=0 bar=0 other=0 mobile=0 showBar=0 showBarNTP=1
2026-09-03 10:58:57.726: [INFO] CurrentProfilePath: D:\Java-Servlet\.metadata\.plugins\org.eclipse.swt\EBWebView\Default
2026-09-03 10:58:57.726: [INFO] Profiles total count: 1
2026-09-03 10:58:57.726: [INFO] Profile: name=Profile 1 path=D:\Java-Servlet\.metadata\.plugins\org.eclipse.swt\EBWebView\Default lastActive=2026-08-31T10:59:43.822Z
2026-09-03 10:58:57.726: [INFO] LastUsedProfileDir: D:\Java-Servlet\.metadata\.plugins\org.eclipse.swt\EBWebView\Default
2026-09-03 10:58:57.726: [INFO] MostRecentlyActiveProfile: name=Profile 1 path=D:\Java-Servlet\.metadata\.plugins\org.eclipse.swt\EBWebView\Default lastActive=2026-08-31T10:59:43.822Z
2026-09-03 10:58:57.726: [INFO] OnDoneLoading sync enabled: 0
2026-09-03 10:58:57.726: [INFO] BookmarkModelLoaded, ids_reassigned: 0
2026-09-03 10:58:57.726: [INFO] BookmarksLoadDropped droppedNodes=0
2026-09-03 10:58:57.726: [INFO] BookmarksSnapshot Startup total=0 bar=0 other=0 mobile=0 showBar=0 showBarNTP=1
2026-09-03 10:59:01.802: [INFO] BookmarksSnapshot Shutdown total=0 bar=0 other=0 mobile=0 showBar=0 showBarNTP=1
2026-09-03 11:06:10.817: [INFO] CurrentProfilePath: D:\Java-Servlet\.metadata\.plugins\org.eclipse.swt\EBWebView\Default
2026-09-03 11:06:10.817: [INFO] Profiles total count: 1
2026-09-03 11:06:10.817: [INFO] Profile: name=Profile 1 path=D:\Java-Servlet\.metadata\.plugins\org.eclipse.swt\EBWebView\Default lastActive=2026-08-31T10:59:43.822Z
2026-09-03 11:06:10.817: [INFO] LastUsedProfileDir: D:\Java-Servlet\.metadata\.plugins\org.eclipse.swt\EBWebView\Default
2026-09-03 11:06:10.817: [INFO] MostRecentlyActiveProfile: name=Profile 1 path=D:\Java-Servlet\.metadata\.plugins\org.eclipse.swt\EBWebView\Default lastActive=2026-08-31T10:59:43.822Z
2026-09-03 11:06:10.817: [INFO] OnDoneLoading sync enabled: 0
2026-09-03 11:06:10.817: [INFO] BookmarkModelLoaded, ids_reassigned: 0
2026-09-03 11:06:10.817: [INFO] BookmarksLoadDropped droppedNodes=0
2026-09-03 11:06:10.817: [INFO] BookmarksSnapshot Startup total=0 bar=0 other=0 mobile=0 showBar=0 showBarNTP=1
2026-09-03 11:57:29.160: [INFO] BookmarksSnapshot Shutdown total=0 bar=0 other=0 mobile=0 showBar=0 showBarNTP=1
2026-09-04 10:22:44.620: [INFO] CurrentProfilePath: D:\Java-Servlet\.metadata\.plugins\org.eclipse.swt\EBWebView\Default
2026-09-04 10:22:44.620: [INFO] Profiles total count: 1
2026-09-04 10:22:44.620: [INFO] Profile: name=Profile 1 path=D:\Java-Servlet\.metadata\.plugins\org.eclipse.swt\EBWebView\Default lastActive=2026-08-31T10:59:43.822Z
2026-09-04 10:22:44.620: [INFO] LastUsedProfileDir: D:\Java-Servlet\.metadata\.plugins\org.eclipse.swt\EBWebView\Default
2026-09-04 10:22:44.620: [INFO] MostRecentlyActiveProfile: name=Profile 1 path=D:\Java-Servlet\.metadata\.plugins\org.eclipse.swt\EBWebView\Default lastActive=2026-08-31T10:59:43.822Z
2026-09-04 10:22:44.620: [INFO] OnDoneLoading sync enabled: 0
2026-09-04 10:22:44.620: [INFO] BookmarkModelLoaded, ids_reassigned: 0
2026-09-04 10:22:44.620: [INFO] BookmarksLoadDropped droppedNodes=0
2026-09-04 10:22:44.620: [INFO] BookmarksSnapshot Startup total=0 bar=0 other=0 mobile=0 showBar=0 showBarNTP=1
2026-09-04 10:35:34.387: [INFO] BookmarksSnapshot Shutdown total=0 bar=0 other=0 mobile=0 showBar=0 showBarNTP=1
2026-09-04 10:39:16.082: [INFO] CurrentProfilePath: D:\Java-Servlet\.metadata\.plugins\org.eclipse.swt\EBWebView\Default
2026-09-04 10:39:16.082: [INFO] Profiles total count: 1
2026-09-04 10:39:16.082: [INFO] Profile: name=Profile 1 path=D:\Java-Servlet\.metadata\.plugins\org.eclipse.swt\EBWebView\Default lastActive=2026-08-31T10:59:43.822Z
2026-09-04 10:39:16.082: [INFO] LastUsedProfileDir: D:\Java-Servlet\.metadata\.plugins\org.eclipse.swt\EBWebView\Default
2026-09-04 10:39:16.082: [INFO] MostRecentlyActiveProfile: name=Profile 1 path=D:\Java-Servlet\.metadata\.plugins\org.eclipse.swt\EBWebView\Default lastActive=2026-08-31T10:59:43.822Z
2026-09-04 10:39:16.082: [INFO] OnDoneLoading sync enabled: 0
2026-09-04 10:39:16.082: [INFO] BookmarkModelLoaded, ids_reassigned: 0
2026-09-04 10:39:16.082: [INFO] BookmarksLoadDropped droppedNodes=0
2026-09-04 10:39:16.082: [INFO] BookmarksSnapshot Startup total=0 bar=0 other=0 mobile=0 showBar=0 showBarNTP=1
2026-09-15 10:13:05.826: [INFO] CurrentProfilePath: D:\Java-Servlet\.metadata\.plugins\org.eclipse.swt\EBWebView\Default
2026-09-15 10:13:05.826: [INFO] Profiles total count: 1
2026-09-15 10:13:05.826: [INFO] Profile: name=Profile 1 path=D:\Java-Servlet\.metadata\.plugins\org.eclipse.swt\EBWebView\Default lastActive=2026-08-31T10:59:43.822Z
2026-09-15 10:13:05.826: [INFO] LastUsedProfileDir: D:\Java-Servlet\.metadata\.plugins\org.eclipse.swt\EBWebView\Default
2026-09-15 10:13:05.826: [INFO] MostRecentlyActiveProfile: name=Profile 1 path=D:\Java-Servlet\.metadata\.plugins\org.eclipse.swt\EBWebView\Default lastActive=2026-08-31T10:59:43.822Z
2026-09-15 10:13:05.826: [INFO] OnDoneLoading sync enabled: 0
2026-09-15 10:13:05.826: [INFO] BookmarkModelLoaded, ids_reassigned: 0
2026-09-15 10:13:05.826: [INFO] BookmarksLoadDropped droppedNodes=0
2026-09-15 10:13:05.826: [INFO] BookmarksSnapshot Startup total=0 bar=0 other=0 mobile=0 showBar=0 showBarNTP=1
2026-09-15 10:13:42.510: [INFO] BookmarksSnapshot Shutdown total=0 bar=0 other=0 mobile=0 showBar=0 showBarNTP=1
2026-09-15 11:00:48.523: [INFO] CurrentProfilePath: D:\Java-Servlet\.metadata\.plugins\org.eclipse.swt\EBWebView\Default
2026-09-15 11:00:48.523: [INFO] Profiles total count: 1
2026-09-15 11:00:48.523: [INFO] Profile: name=Profile 1 path=D:\Java-Servlet\.metadata\.plugins\org.eclipse.swt\EBWebView\Default lastActive=2026-08-31T10:59:43.822Z
2026-09-15 11:00:48.523: [INFO] LastUsedProfileDir: D:\Java-Servlet\.metadata\.plugins\org.eclipse.swt\EBWebView\Default
2026-09-15 11:00:48.523: [INFO] MostRecentlyActiveProfile: name=Profile 1 path=D:\Java-Servlet\.metadata\.plugins\org.eclipse.swt\EBWebView\Default lastActive=2026-08-31T10:59:43.822Z
2026-09-15 11:00:48.523: [INFO] OnDoneLoading sync enabled: 0
2026-09-15 11:00:48.523: [INFO] BookmarkModelLoaded, ids_reassigned: 0
2026-09-15 11:00:48.523: [INFO] BookmarksLoadDropped droppedNodes=0
2026-09-15 11:00:48.523: [INFO] BookmarksSnapshot Startup total=0 bar=0 other=0 mobile=0 showBar=0 showBarNTP=1
2026-09-15 11:00:57.334: [INFO] BookmarksSnapshot Shutdown total=0 bar=0 other=0 mobile=0 showBar=0 showBarNTP=1
2026-09-15 11:03:18.931: [INFO] CurrentProfilePath: D:\Java-Servlet\.metadata\.plugins\org.eclipse.swt\EBWebView\Default
2026-09-15 11:03:18.931: [INFO] Profiles total count: 1
2026-09-15 11:03:18.931: [INFO] Profile: name=Profile 1 path=D:\Java-Servlet\.metadata\.plugins\org.eclipse.swt\EBWebView\Default lastActive=2026-08-31T10:59:43.822Z
2026-09-15 11:03:18.931: [INFO] LastUsedProfileDir: D:\Java-Servlet\.metadata\.plugins\org.eclipse.swt\EBWebView\Default
2026-09-15 11:03:18.931: [INFO] MostRecentlyActiveProfile: name=Profile 1 path=D:\Java-Servlet\.metadata\.plugins\org.eclipse.swt\EBWebView\Default lastActive=2026-08-31T10:59:43.822Z
2026-09-15 11:03:18.931: [INFO] OnDoneLoading sync enabled: 0
2026-09-15 11:03:18.931: [INFO] BookmarkModelLoaded, ids_reassigned: 0
2026-09-15 11:03:18.931: [INFO] BookmarksLoadDropped droppedNodes=0
2026-09-15 11:03:18.931: [INFO] BookmarksSnapshot Startup total=0 bar=0 other=0 mobile=0 showBar=0 showBarNTP=1
2026-09-15 11:03:26.262: [INFO] BookmarksSnapshot Shutdown total=0 bar=0 other=0 mobile=0 showBar=0 showBarNTP=1
2026-09-17 10:27:12.511: [INFO] CurrentProfilePath: D:\Java-Servlet\.metadata\.plugins\org.eclipse.swt\EBWebView\Default
2026-09-17 10:27:12.511: [INFO] Profiles total count: 1
2026-09-17 10:27:12.511: [INFO] Profile: name=Profile 1 path=D:\Java-Servlet\.metadata\.plugins\org.eclipse.swt\EBWebView\Default lastActive=2026-08-31T10:59:43.822Z
2026-09-17 10:27:12.511: [INFO] LastUsedProfileDir: D:\Java-Servlet\.metadata\.plugins\org.eclipse.swt\EBWebView\Default
2026-09-17 10:27:12.511: [INFO] MostRecentlyActiveProfile: name=Profile 1 path=D:\Java-Servlet\.metadata\.plugins\org.eclipse.swt\EBWebView\Default lastActive=2026-08-31T10:59:43.822Z
2026-09-17 10:27:12.511: [INFO] OnDoneLoading sync enabled: 0
2026-09-17 10:27:12.511: [INFO] BookmarkModelLoaded, ids_reassigned: 0
2026-09-17 10:27:12.511: [INFO] BookmarksLoadDropped droppedNodes=0
2026-09-17 10:27:12.511: [INFO] BookmarksSnapshot Startup total=0 bar=0 other=0 mobile=0 showBar=0 showBarNTP=1
2026-09-17 11:31:04.710: [INFO] BookmarksSnapshot Shutdown total=0 bar=0 other=0 mobile=0 showBar=0 showBarNTP=1
2026-09-18 18:42:54.565: [INFO] CurrentProfilePath: D:\Java-Servlet\.metadata\.plugins\org.eclipse.swt\EBWebView\Default
2026-09-18 18:42:54.565: [INFO] Profiles total count: 1
2026-09-18 18:42:54.565: [INFO] Profile: name=Profile 1 path=D:\Java-Servlet\.metadata\.plugins\org.eclipse.swt\EBWebView\Default lastActive=2026-08-31T10:59:43.822Z
2026-09-18 18:42:54.565: [INFO] LastUsedProfileDir: D:\Java-Servlet\.metadata\.plugins\org.eclipse.swt\EBWebView\Default
2026-09-18 18:42:54.565: [INFO] MostRecentlyActiveProfile: name=Profile 1 path=D:\Java-Servlet\.metadata\.plugins\org.eclipse.swt\EBWebView\Default lastActive=2026-08-31T10:59:43.822Z
2026-09-18 18:42:54.565: [INFO] OnDoneLoading sync enabled: 0
2026-09-18 18:42:54.565: [INFO] BookmarkModelLoaded, ids_reassigned: 0
2026-09-18 18:42:54.565: [INFO] BookmarksLoadDropped droppedNodes=0
2026-09-18 18:42:54.565: [INFO] BookmarksSnapshot Startup total=0 bar=0 other=0 mobile=0 showBar=0 showBarNTP=1
2026-09-18 18:43:11.035: [INFO] BookmarksSnapshot Shutdown total=0 bar=0 other=0 mobile=0 showBar=0 showBarNTP=1
2026-09-18 19:29:51.205: [INFO] CurrentProfilePath: D:\Java-Servlet\.metadata\.plugins\org.eclipse.swt\EBWebView\Default
2026-09-18 19:29:51.205: [INFO] Profiles total count: 1
2026-09-18 19:29:51.205: [INFO] Profile: name=Profile 1 path=D:\Java-Servlet\.metadata\.plugins\org.eclipse.swt\EBWebView\Default lastActive=2026-08-31T10:59:43.822Z
2026-09-18 19:29:51.205: [INFO] LastUsedProfileDir: D:\Java-Servlet\.metadata\.plugins\org.eclipse.swt\EBWebView\Default
2026-09-18 19:29:51.205: [INFO] MostRecentlyActiveProfile: name=Profile 1 path=D:\Java-Servlet\.metadata\.plugins\org.eclipse.swt\EBWebView\Default lastActive=2026-08-31T10:59:43.822Z
2026-09-18 19:29:51.205: [INFO] OnDoneLoading sync enabled: 0
2026-09-18 19:29:51.205: [INFO] BookmarkModelLoaded, ids_reassigned: 0
2026-09-18 19:29:51.205: [INFO] BookmarksLoadDropped droppedNodes=0
2026-09-18 19:29:51.205: [INFO] BookmarksSnapshot Startup total=0 bar=0 other=0 mobile=0 showBar=0 showBarNTP=1
2026-09-18 19:30:01.250: [INFO] BookmarksSnapshot Shutdown total=0 bar=0 other=0 mobile=0 showBar=0 showBarNTP=1
2026-09-18 20:15:14.975: [INFO] CurrentProfilePath: D:\Java-Servlet\.metadata\.plugins\org.eclipse.swt\EBWebView\Default
2026-09-18 20:15:14.975: [INFO] Profiles total count: 1
2026-09-18 20:15:14.976: [INFO] Profile: name=Profile 1 path=D:\Java-Servlet\.metadata\.plugins\org.eclipse.swt\EBWebView\Default lastActive=2026-08-31T10:59:43.822Z
2026-09-18 20:15:14.976: [INFO] LastUsedProfileDir: D:\Java-Servlet\.metadata\.plugins\org.eclipse.swt\EBWebView\Default
2026-09-18 20:15:14.976: [INFO] MostRecentlyActiveProfile: name=Profile 1 path=D:\Java-Servlet\.metadata\.plugins\org.eclipse.swt\EBWebView\Default lastActive=2026-08-31T10:59:43.822Z
2026-09-18 20:15:14.976: [INFO] OnDoneLoading sync enabled: 0
2026-09-18 20:15:14.976: [INFO] BookmarkModelLoaded, ids_reassigned: 0
2026-09-18 20:15:14.976: [INFO] BookmarksLoadDropped droppedNodes=0
2026-09-18 20:15:14.976: [INFO] BookmarksSnapshot Startup total=0 bar=0 other=0 mobile=0 showBar=0 showBarNTP=1
2026-09-18 20:15:17.988: [INFO] BookmarksSnapshot Shutdown total=0 bar=0 other=0 mobile=0 showBar=0 showBarNTP=1
2026-09-18 20:17:34.860: [INFO] CurrentProfilePath: D:\Java-Servlet\.metadata\.plugins\org.eclipse.swt\EBWebView\Default
2026-09-18 20:17:34.860: [INFO] Profiles total count: 1
2026-09-18 20:17:34.860: [INFO] Profile: name=Profile 1 path=D:\Java-Servlet\.metadata\.plugins\org.eclipse.swt\EBWebView\Default lastActive=2026-08-31T10:59:43.822Z
2026-09-18 20:17:34.860: [INFO] LastUsedProfileDir: D:\Java-Servlet\.metadata\.plugins\org.eclipse.swt\EBWebView\Default
2026-09-18 20:17:34.860: [INFO] MostRecentlyActiveProfile: name=Profile 1 path=D:\Java-Servlet\.metadata\.plugins\org.eclipse.swt\EBWebView\Default lastActive=2026-08-31T10:59:43.822Z
2026-09-18 20:17:34.860: [INFO] OnDoneLoading sync enabled: 0
2026-09-18 20:17:34.860: [INFO] BookmarkModelLoaded, ids_reassigned: 0
2026-09-18 20:17:34.860: [INFO] BookmarksLoadDropped droppedNodes=0
2026-09-18 20:17:34.860: [INFO] BookmarksSnapshot Startup total=0 bar=0 other=0 mobile=0 showBar=0 showBarNTP=1
2026-09-18 20:17:37.646: [INFO] BookmarksSnapshot Shutdown total=0 bar=0 other=0 mobile=0 showBar=0 showBarNTP=1
2026-09-18 20:19:55.617: [INFO] CurrentProfilePath: D:\Java-Servlet\.metadata\.plugins\org.eclipse.swt\EBWebView\Default
2026-09-18 20:19:55.617: [INFO] Profiles total count: 1
2026-09-18 20:19:55.617: [INFO] Profile: name=Profile 1 path=D:\Java-Servlet\.metadata\.plugins\org.eclipse.swt\EBWebView\Default lastActive=2026-08-31T10:59:43.822Z
2026-09-18 20:19:55.617: [INFO] LastUsedProfileDir: D:\Java-Servlet\.metadata\.plugins\org.eclipse.swt\EBWebView\Default
2026-09-18 20:19:55.617: [INFO] MostRecentlyActiveProfile: name=Profile 1 path=D:\Java-Servlet\.metadata\.plugins\org.eclipse.swt\EBWebView\Default lastActive=2026-08-31T10:59:43.822Z
2026-09-18 20:19:55.617: [INFO] OnDoneLoading sync enabled: 0
2026-09-18 20:19:55.617: [INFO] BookmarkModelLoaded, ids_reassigned: 0
2026-09-18 20:19:55.617: [INFO] BookmarksLoadDropped droppedNodes=0
2026-09-18 20:19:55.617: [INFO] BookmarksSnapshot Startup total=0 bar=0 other=0 mobile=0 showBar=0 showBarNTP=1
2026-09-18 20:26:09.153: [INFO] BookmarksSnapshot Shutdown total=0 bar=0 other=0 mobile=0 showBar=0 showBarNTP=1
2026-09-18 20:26:35.424: [INFO] CurrentProfilePath: D:\Java-Servlet\.metadata\.plugins\org.eclipse.swt\EBWebView\Default
2026-09-18 20:26:35.424: [INFO] Profiles total count: 1
2026-09-18 20:26:35.424: [INFO] Profile: name=Profile 1 path=D:\Java-Servlet\.metadata\.plugins\org.eclipse.swt\EBWebView\Default lastActive=2026-08-31T10:59:43.822Z
2026-09-18 20:26:35.424: [INFO] LastUsedProfileDir: D:\Java-Servlet\.metadata\.plugins\org.eclipse.swt\EBWebView\Default
2026-09-18 20:26:35.424: [INFO] MostRecentlyActiveProfile: name=Profile 1 path=D:\Java-Servlet\.metadata\.plugins\org.eclipse.swt\EBWebView\Default lastActive=2026-08-31T10:59:43.822Z
2026-09-18 20:26:35.424: [INFO] OnDoneLoading sync enabled: 0
2026-09-18 20:26:35.424: [INFO] BookmarkModelLoaded, ids_reassigned: 0
2026-09-18 20:26:35.424: [INFO] BookmarksLoadDropped droppedNodes=0
2026-09-18 20:26:35.425: [INFO] BookmarksSnapshot Startup total=0 bar=0 other=0 mobile=0 showBar=0 showBarNTP=1
2026-09-18 20:26:41.026: [INFO] BookmarksSnapshot Shutdown total=0 bar=0 other=0 mobile=0 showBar=0 showBarNTP=1
2026-09-18 21:20:47.823: [INFO] CurrentProfilePath: D:\Java-Servlet\.metadata\.plugins\org.eclipse.swt\EBWebView\Default
2026-09-18 21:20:47.823: [INFO] Profiles total count: 1
2026-09-18 21:20:47.823: [INFO] Profile: name=Profile 1 path=D:\Java-Servlet\.metadata\.plugins\org.eclipse.swt\EBWebView\Default lastActive=2026-08-31T10:59:43.822Z
2026-09-18 21:20:47.823: [INFO] LastUsedProfileDir: D:\Java-Servlet\.metadata\.plugins\org.eclipse.swt\EBWebView\Default
2026-09-18 21:20:47.823: [INFO] MostRecentlyActiveProfile: name=Profile 1 path=D:\Java-Servlet\.metadata\.plugins\org.eclipse.swt\EBWebView\Default lastActive=2026-08-31T10:59:43.822Z
2026-09-18 21:20:47.823: [INFO] OnDoneLoading sync enabled: 0
2026-09-18 21:20:47.823: [INFO] BookmarkModelLoaded, ids_reassigned: 0
2026-09-18 21:20:47.823: [INFO] BookmarksLoadDropped droppedNodes=0
2026-09-18 21:20:47.823: [INFO] BookmarksSnapshot Startup total=0 bar=0 other=0 mobile=0 showBar=0 showBarNTP=1
2026-09-18 21:20:49.993: [INFO] BookmarksSnapshot Shutdown total=0 bar=0 other=0 mobile=0 showBar=0 showBarNTP=1
2026-09-18 21:21:13.765: [INFO] CurrentProfilePath: D:\Java-Servlet\.metadata\.plugins\org.eclipse.swt\EBWebView\Default
2026-09-18 21:21:13.765: [INFO] Profiles total count: 1
2026-09-18 21:21:13.765: [INFO] Profile: name=Profile 1 path=D:\Java-Servlet\.metadata\.plugins\org.eclipse.swt\EBWebView\Default lastActive=2026-08-31T10:59:43.822Z
2026-09-18 21:21:13.765: [INFO] LastUsedProfileDir: D:\Java-Servlet\.metadata\.plugins\org.eclipse.swt\EBWebView\Default
2026-09-18 21:21:13.765: [INFO] MostRecentlyActiveProfile: name=Profile 1 path=D:\Java-Servlet\.metadata\.plugins\org.eclipse.swt\EBWebView\Default lastActive=2026-08-31T10:59:43.822Z
2026-09-18 21:21:13.765: [INFO] OnDoneLoading sync enabled: 0
2026-09-18 21:21:13.765: [INFO] BookmarkModelLoaded, ids_reassigned: 0
2026-09-18 21:21:13.765: [INFO] BookmarksLoadDropped droppedNodes=0
2026-09-18 21:21:13.765: [INFO] BookmarksSnapshot Startup total=0 bar=0 other=0 mobile=0 showBar=0 showBarNTP=1
2026-09-18 21:21:20.150: [INFO] BookmarksSnapshot Shutdown total=0 bar=0 other=0 mobile=0 showBar=0 showBarNTP=1
2026-09-18 21:24:00.638: [INFO] CurrentProfilePath: D:\Java-Servlet\.metadata\.plugins\org.eclipse.swt\EBWebView\Default
2026-09-18 21:24:00.638: [INFO] Profiles total count: 1
2026-09-18 21:24:00.638: [INFO] Profile: name=Profile 1 path=D:\Java-Servlet\.metadata\.plugins\org.eclipse.swt\EBWebView\Default lastActive=2026-08-31T10:59:43.822Z
2026-09-18 21:24:00.638: [INFO] LastUsedProfileDir: D:\Java-Servlet\.metadata\.plugins\org.eclipse.swt\EBWebView\Default
2026-09-18 21:24:00.638: [INFO] MostRecentlyActiveProfile: name=Profile 1 path=D:\Java-Servlet\.metadata\.plugins\org.eclipse.swt\EBWebView\Default lastActive=2026-08-31T10:59:43.822Z
2026-09-18 21:24:00.638: [INFO] OnDoneLoading sync enabled: 0
2026-09-18 21:24:00.638: [INFO] BookmarkModelLoaded, ids_reassigned: 0
2026-09-18 21:24:00.638: [INFO] BookmarksLoadDropped droppedNodes=0
2026-09-18 21:24:00.638: [INFO] BookmarksSnapshot Startup total=0 bar=0 other=0 mobile=0 showBar=0 showBarNTP=1
2026-09-18 21:24:05.220: [INFO] BookmarksSnapshot Shutdown total=0 bar=0 other=0 mobile=0 showBar=0 showBarNTP=1
2026-09-18 21:27:05.281: [INFO] CurrentProfilePath: D:\Java-Servlet\.metadata\.plugins\org.eclipse.swt\EBWebView\Default
2026-09-18 21:27:05.281: [INFO] Profiles total count: 1
2026-09-18 21:27:05.281: [INFO] Profile: name=Profile 1 path=D:\Java-Servlet\.metadata\.plugins\org.eclipse.swt\EBWebView\Default lastActive=2026-08-31T10:59:43.822Z
2026-09-18 21:27:05.281: [INFO] LastUsedProfileDir: D:\Java-Servlet\.metadata\.plugins\org.eclipse.swt\EBWebView\Default
2026-09-18 21:27:05.281: [INFO] MostRecentlyActiveProfile: name=Profile 1 path=D:\Java-Servlet\.metadata\.plugins\org.eclipse.swt\EBWebView\Default lastActive=2026-08-31T10:59:43.822Z
2026-09-18 21:27:05.281: [INFO] OnDoneLoading sync enabled: 0
2026-09-18 21:27:05.281: [INFO] BookmarkModelLoaded, ids_reassigned: 0
2026-09-18 21:27:05.281: [INFO] BookmarksLoadDropped droppedNodes=0
2026-09-18 21:27:05.281: [INFO] BookmarksSnapshot Startup total=0 bar=0 other=0 mobile=0 showBar=0 showBarNTP=1
2026-09-18 21:27:08.690: [INFO] BookmarksSnapshot Shutdown total=0 bar=0 other=0 mobile=0 showBar=0 showBarNTP=1
2026-09-18 21:27:27.315: [INFO] CurrentProfilePath: D:\Java-Servlet\.metadata\.plugins\org.eclipse.swt\EBWebView\Default
2026-09-18 21:27:27.315: [INFO] Profiles total count: 1
2026-09-18 21:27:27.315: [INFO] Profile: name=Profile 1 path=D:\Java-Servlet\.metadata\.plugins\org.eclipse.swt\EBWebView\Default lastActive=2026-08-31T10:59:43.822Z
2026-09-18 21:27:27.315: [INFO] LastUsedProfileDir: D:\Java-Servlet\.metadata\.plugins\org.eclipse.swt\EBWebView\Default
2026-09-18 21:27:27.315: [INFO] MostRecentlyActiveProfile: name=Profile 1 path=D:\Java-Servlet\.metadata\.plugins\org.eclipse.swt\EBWebView\Default lastActive=2026-08-31T10:59:43.822Z
2026-09-18 21:27:27.315: [INFO] OnDoneLoading sync enabled: 0
2026-09-18 21:27:27.315: [INFO] BookmarkModelLoaded, ids_reassigned: 0
2026-09-18 21:27:27.315: [INFO] BookmarksLoadDropped droppedNodes=0
2026-09-18 21:27:27.315: [INFO] BookmarksSnapshot Startup total=0 bar=0 other=0 mobile=0 showBar=0 showBarNTP=1
2026-09-18 21:27:33.731: [INFO] BookmarksSnapshot Shutdown total=0 bar=0 other=0 mobile=0 showBar=0 showBarNTP=1
2026-09-18 21:27:44.483: [INFO] CurrentProfilePath: D:\Java-Servlet\.metadata\.plugins\org.eclipse.swt\EBWebView\Default
2026-09-18 21:27:44.483: [INFO] Profiles total count: 1
2026-09-18 21:27:44.483: [INFO] Profile: name=Profile 1 path=D:\Java-Servlet\.metadata\.plugins\org.eclipse.swt\EBWebView\Default lastActive=2026-08-31T10:59:43.822Z
2026-09-18 21:27:44.483: [INFO] LastUsedProfileDir: D:\Java-Servlet\.metadata\.plugins\org.eclipse.swt\EBWebView\Default
2026-09-18 21:27:44.483: [INFO] MostRecentlyActiveProfile: name=Profile 1 path=D:\Java-Servlet\.metadata\.plugins\org.eclipse.swt\EBWebView\Default lastActive=2026-08-31T10:59:43.822Z
2026-09-18 21:27:44.483: [INFO] OnDoneLoading sync enabled: 0
2026-09-18 21:27:44.483: [INFO] BookmarkModelLoaded, ids_reassigned: 0
2026-09-18 21:27:44.483: [INFO] BookmarksLoadDropped droppedNodes=0
2026-09-18 21:27:44.483: [INFO] BookmarksSnapshot Startup total=0 bar=0 other=0 mobile=0 showBar=0 showBarNTP=1
2026-09-18 21:27:48.872: [INFO] BookmarksSnapshot Shutdown total=0 bar=0 other=0 mobile=0 showBar=0 showBarNTP=1
2026-09-18 21:27:54.053: [INFO] CurrentProfilePath: D:\Java-Servlet\.metadata\.plugins\org.eclipse.swt\EBWebView\Default
2026-09-18 21:27:54.053: [INFO] Profiles total count: 1
2026-09-18 21:27:54.053: [INFO] Profile: name=Profile 1 path=D:\Java-Servlet\.metadata\.plugins\org.eclipse.swt\EBWebView\Default lastActive=2026-08-31T10:59:43.822Z
2026-09-18 21:27:54.053: [INFO] LastUsedProfileDir: D:\Java-Servlet\.metadata\.plugins\org.eclipse.swt\EBWebView\Default
2026-09-18 21:27:54.053: [INFO] MostRecentlyActiveProfile: name=Profile 1 path=D:\Java-Servlet\.metadata\.plugins\org.eclipse.swt\EBWebView\Default lastActive=2026-08-31T10:59:43.822Z
2026-09-18 21:27:54.053: [INFO] OnDoneLoading sync enabled: 0
2026-09-18 21:27:54.053: [INFO] BookmarkModelLoaded, ids_reassigned: 0
2026-09-18 21:27:54.053: [INFO] BookmarksLoadDropped droppedNodes=0
2026-09-18 21:27:54.053: [INFO] BookmarksSnapshot Startup total=0 bar=0 other=0 mobile=0 showBar=0 showBarNTP=1
2026-09-18 21:28:00.901: [INFO] BookmarksSnapshot Shutdown total=0 bar=0 other=0 mobile=0 showBar=0 showBarNTP=1
2026-09-18 21:28:36.275: [INFO] CurrentProfilePath: D:\Java-Servlet\.metadata\.plugins\org.eclipse.swt\EBWebView\Default
2026-09-18 21:28:36.275: [INFO] Profiles total count: 1
2026-09-18 21:28:36.275: [INFO] Profile: name=Profile 1 path=D:\Java-Servlet\.metadata\.plugins\org.eclipse.swt\EBWebView\Default lastActive=2026-08-31T10:59:43.822Z
2026-09-18 21:28:36.275: [INFO] LastUsedProfileDir: D:\Java-Servlet\.metadata\.plugins\org.eclipse.swt\EBWebView\Default
2026-09-18 21:28:36.275: [INFO] MostRecentlyActiveProfile: name=Profile 1 path=D:\Java-Servlet\.metadata\.plugins\org.eclipse.swt\EBWebView\Default lastActive=2026-08-31T10:59:43.822Z
2026-09-18 21:28:36.275: [INFO] OnDoneLoading sync enabled: 0
2026-09-18 21:28:36.275: [INFO] BookmarkModelLoaded, ids_reassigned: 0
2026-09-18 21:28:36.275: [INFO] BookmarksLoadDropped droppedNodes=0
2026-09-18 21:28:36.275: [INFO] BookmarksSnapshot Startup total=0 bar=0 other=0 mobile=0 showBar=0 showBarNTP=1
2026-09-18 21:46:06.012: [INFO] BookmarksSnapshot Shutdown total=0 bar=0 other=0 mobile=0 showBar=0 showBarNTP=1
2026-09-18 21:47:31.516: [INFO] CurrentProfilePath: D:\Java-Servlet\.metadata\.plugins\org.eclipse.swt\EBWebView\Default
2026-09-18 21:47:31.516: [INFO] Profiles total count: 1
2026-09-18 21:47:31.516: [INFO] Profile: name=Profile 1 path=D:\Java-Servlet\.metadata\.plugins\org.eclipse.swt\EBWebView\Default lastActive=2026-08-31T10:59:43.822Z
2026-09-18 21:47:31.516: [INFO] LastUsedProfileDir: D:\Java-Servlet\.metadata\.plugins\org.eclipse.swt\EBWebView\Default
2026-09-18 21:47:31.516: [INFO] MostRecentlyActiveProfile: name=Profile 1 path=D:\Java-Servlet\.metadata\.plugins\org.eclipse.swt\EBWebView\Default lastActive=2026-08-31T10:59:43.822Z
2026-09-18 21:47:31.516: [INFO] OnDoneLoading sync enabled: 0
2026-09-18 21:47:31.516: [INFO] BookmarkModelLoaded, ids_reassigned: 0
2026-09-18 21:47:31.516: [INFO] BookmarksLoadDropped droppedNodes=0
2026-09-18 21:47:31.516: [INFO] BookmarksSnapshot Startup total=0 bar=0 other=0 mobile=0 showBar=0 showBarNTP=1
2026-09-18 21:47:42.378: [INFO] BookmarksSnapshot Shutdown total=0 bar=0 other=0 mobile=0 showBar=0 showBarNTP=1
2026-09-18 21:48:15.957: [INFO] CurrentProfilePath: D:\Java-Servlet\.metadata\.plugins\org.eclipse.swt\EBWebView\Default
2026-09-18 21:48:15.957: [INFO] Profiles total count: 1
2026-09-18 21:48:15.957: [INFO] Profile: name=Profile 1 path=D:\Java-Servlet\.metadata\.plugins\org.eclipse.swt\EBWebView\Default lastActive=2026-08-31T10:59:43.822Z
2026-09-18 21:48:15.957: [INFO] LastUsedProfileDir: D:\Java-Servlet\.metadata\.plugins\org.eclipse.swt\EBWebView\Default
2026-09-18 21:48:15.957: [INFO] MostRecentlyActiveProfile: name=Profile 1 path=D:\Java-Servlet\.metadata\.plugins\org.eclipse.swt\EBWebView\Default lastActive=2026-08-31T10:59:43.822Z
2026-09-18 21:48:15.957: [INFO] OnDoneLoading sync enabled: 0
2026-09-18 21:48:15.957: [INFO] BookmarkModelLoaded, ids_reassigned: 0
2026-09-18 21:48:15.957: [INFO] BookmarksLoadDropped droppedNodes=0
2026-09-18 21:48:15.957: [INFO] BookmarksSnapshot Startup total=0 bar=0 other=0 mobile=0 showBar=0 showBarNTP=1
2026-09-18 21:48:20.561: [INFO] BookmarksSnapshot Shutdown total=0 bar=0 other=0 mobile=0 showBar=0 showBarNTP=1
2026-09-18 21:49:03.887: [INFO] CurrentProfilePath: D:\Java-Servlet\.metadata\.plugins\org.eclipse.swt\EBWebView\Default
2026-09-18 21:49:03.887: [INFO] Profiles total count: 1
2026-09-18 21:49:03.887: [INFO] Profile: name=Profile 1 path=D:\Java-Servlet\.metadata\.plugins\org.eclipse.swt\EBWebView\Default lastActive=2026-08-31T10:59:43.822Z
2026-09-18 21:49:03.887: [INFO] LastUsedProfileDir: D:\Java-Servlet\.metadata\.plugins\org.eclipse.swt\EBWebView\Default
2026-09-18 21:49:03.887: [INFO] MostRecentlyActiveProfile: name=Profile 1 path=D:\Java-Servlet\.metadata\.plugins\org.eclipse.swt\EBWebView\Default lastActive=2026-08-31T10:59:43.822Z
2026-09-18 21:49:03.887: [INFO] OnDoneLoading sync enabled: 0
2026-09-18 21:49:03.887: [INFO] BookmarkModelLoaded, ids_reassigned: 0
2026-09-18 21:49:03.887: [INFO] BookmarksLoadDropped droppedNodes=0
2026-09-18 21:49:03.887: [INFO] BookmarksSnapshot Startup total=0 bar=0 other=0 mobile=0 showBar=0 showBarNTP=1
2026-09-18 21:49:07.895: [INFO] BookmarksSnapshot Shutdown total=0 bar=0 other=0 mobile=0 showBar=0 showBarNTP=1
2026-09-18 21:49:26.439: [INFO] CurrentProfilePath: D:\Java-Servlet\.metadata\.plugins\org.eclipse.swt\EBWebView\Default
2026-09-18 21:49:26.439: [INFO] Profiles total count: 1
2026-09-18 21:49:26.440: [INFO] Profile: name=Profile 1 path=D:\Java-Servlet\.metadata\.plugins\org.eclipse.swt\EBWebView\Default lastActive=2026-08-31T10:59:43.822Z
2026-09-18 21:49:26.440: [INFO] LastUsedProfileDir: D:\Java-Servlet\.metadata\.plugins\org.eclipse.swt\EBWebView\Default
2026-09-18 21:49:26.440: [INFO] MostRecentlyActiveProfile: name=Profile 1 path=D:\Java-Servlet\.metadata\.plugins\org.eclipse.swt\EBWebView\Default lastActive=2026-08-31T10:59:43.822Z
2026-09-18 21:49:26.440: [INFO] OnDoneLoading sync enabled: 0
2026-09-18 21:49:26.440: [INFO] BookmarkModelLoaded, ids_reassigned: 0
2026-09-18 21:49:26.440: [INFO] BookmarksLoadDropped droppedNodes=0
2026-09-18 21:49:26.440: [INFO] BookmarksSnapshot Startup total=0 bar=0 other=0 mobile=0 showBar=0 showBarNTP=1
2026-09-18 21:49:32.869: [INFO] BookmarksSnapshot Shutdown total=0 bar=0 other=0 mobile=0 showBar=0 showBarNTP=1
2026-09-18 21:49:55.859: [INFO] CurrentProfilePath: D:\Java-Servlet\.metadata\.plugins\org.eclipse.swt\EBWebView\Default
2026-09-18 21:49:55.859: [INFO] Profiles total count: 1
2026-09-18 21:49:55.859: [INFO] Profile: name=Profile 1 path=D:\Java-Servlet\.metadata\.plugins\org.eclipse.swt\EBWebView\Default lastActive=2026-08-31T10:59:43.822Z
2026-09-18 21:49:55.859: [INFO] LastUsedProfileDir: D:\Java-Servlet\.metadata\.plugins\org.eclipse.swt\EBWebView\Default
2026-09-18 21:49:55.859: [INFO] MostRecentlyActiveProfile: name=Profile 1 path=D:\Java-Servlet\.metadata\.plugins\org.eclipse.swt\EBWebView\Default lastActive=2026-08-31T10:59:43.822Z
2026-09-18 21:49:55.859: [INFO] OnDoneLoading sync enabled: 0
2026-09-18 21:49:55.859: [INFO] BookmarkModelLoaded, ids_reassigned: 0
2026-09-18 21:49:55.859: [INFO] BookmarksLoadDropped droppedNodes=0
2026-09-18 21:49:55.859: [INFO] BookmarksSnapshot Startup total=0 bar=0 other=0 mobile=0 showBar=0 showBarNTP=1
2026-09-18 21:50:00.639: [INFO] BookmarksSnapshot Shutdown total=0 bar=0 other=0 mobile=0 showBar=0 showBarNTP=1
2026-09-18 21:50:33.351: [INFO] CurrentProfilePath: D:\Java-Servlet\.metadata\.plugins\org.eclipse.swt\EBWebView\Default
2026-09-18 21:50:33.351: [INFO] Profiles total count: 1
2026-09-18 21:50:33.351: [INFO] Profile: name=Profile 1 path=D:\Java-Servlet\.metadata\.plugins\org.eclipse.swt\EBWebView\Default lastActive=2026-08-31T10:59:43.822Z
2026-09-18 21:50:33.351: [INFO] LastUsedProfileDir: D:\Java-Servlet\.metadata\.plugins\org.eclipse.swt\EBWebView\Default
2026-09-18 21:50:33.351: [INFO] MostRecentlyActiveProfile: name=Profile 1 path=D:\Java-Servlet\.metadata\.plugins\org.eclipse.swt\EBWebView\Default lastActive=2026-08-31T10:59:43.822Z
2026-09-18 21:50:33.351: [INFO] OnDoneLoading sync enabled: 0
2026-09-18 21:50:33.351: [INFO] BookmarkModelLoaded, ids_reassigned: 0
2026-09-18 21:50:33.351: [INFO] BookmarksLoadDropped droppedNodes=0
2026-09-18 21:50:33.351: [INFO] BookmarksSnapshot Startup total=0 bar=0 other=0 mobile=0 showBar=0 showBarNTP=1
2026-09-18 21:50:38.083: [INFO] BookmarksSnapshot Shutdown total=0 bar=0 other=0 mobile=0 showBar=0 showBarNTP=1
2026-09-18 21:51:55.996: [INFO] CurrentProfilePath: D:\Java-Servlet\.metadata\.plugins\org.eclipse.swt\EBWebView\Default
2026-09-18 21:51:55.996: [INFO] Profiles total count: 1
2026-09-18 21:51:55.997: [INFO] Profile: name=Profile 1 path=D:\Java-Servlet\.metadata\.plugins\org.eclipse.swt\EBWebView\Default lastActive=2026-08-31T10:59:43.822Z
2026-09-18 21:51:55.997: [INFO] LastUsedProfileDir: D:\Java-Servlet\.metadata\.plugins\org.eclipse.swt\EBWebView\Default
2026-09-18 21:51:55.997: [INFO] MostRecentlyActiveProfile: name=Profile 1 path=D:\Java-Servlet\.metadata\.plugins\org.eclipse.swt\EBWebView\Default lastActive=2026-08-31T10:59:43.822Z
2026-09-18 21:51:55.997: [INFO] OnDoneLoading sync enabled: 0
2026-09-18 21:51:55.997: [INFO] BookmarkModelLoaded, ids_reassigned: 0
2026-09-18 21:51:55.997: [INFO] BookmarksLoadDropped droppedNodes=0
2026-09-18 21:51:55.997: [INFO] BookmarksSnapshot Startup total=0 bar=0 other=0 mobile=0 showBar=0 showBarNTP=1
2026-09-18 21:51:56.117: [INFO] BookmarksSnapshot Shutdown total=0 bar=0 other=0 mobile=0 showBar=0 showBarNTP=1
2026-09-18 22:37:39.975: [INFO] CurrentProfilePath: D:\Java-Servlet\.metadata\.plugins\org.eclipse.swt\EBWebView\Default
2026-09-18 22:37:39.975: [INFO] Profiles total count: 1
2026-09-18 22:37:39.975: [INFO] Profile: name=Profile 1 path=D:\Java-Servlet\.metadata\.plugins\org.eclipse.swt\EBWebView\Default lastActive=2026-08-31T10:59:43.822Z
2026-09-18 22:37:39.975: [INFO] LastUsedProfileDir: D:\Java-Servlet\.metadata\.plugins\org.eclipse.swt\EBWebView\Default
2026-09-18 22:37:39.975: [INFO] MostRecentlyActiveProfile: name=Profile 1 path=D:\Java-Servlet\.metadata\.plugins\org.eclipse.swt\EBWebView\Default lastActive=2026-08-31T10:59:43.822Z
2026-09-18 22:37:39.975: [INFO] OnDoneLoading sync enabled: 0
2026-09-18 22:37:39.975: [INFO] BookmarkModelLoaded, ids_reassigned: 0
2026-09-18 22:37:39.975: [INFO] BookmarksLoadDropped droppedNodes=0
2026-09-18 22:37:39.975: [INFO] BookmarksSnapshot Startup total=0 bar=0 other=0 mobile=0 showBar=0 showBarNTP=1
2026-09-18 22:38:26.018: [INFO] BookmarksSnapshot Shutdown total=0 bar=0 other=0 mobile=0 showBar=0 showBarNTP=1
2026-09-18 22:38:26.074: [INFO] CurrentProfilePath: D:\Java-Servlet\.metadata\.plugins\org.eclipse.swt\EBWebView\Default
2026-09-18 22:38:26.074: [INFO] Profiles total count: 1
2026-09-18 22:38:26.074: [INFO] Profile: name=Profile 1 path=D:\Java-Servlet\.metadata\.plugins\org.eclipse.swt\EBWebView\Default lastActive=2026-08-31T10:59:43.822Z
2026-09-18 22:38:26.074: [INFO] LastUsedProfileDir: D:\Java-Servlet\.metadata\.plugins\org.eclipse.swt\EBWebView\Default
2026-09-18 22:38:26.074: [INFO] MostRecentlyActiveProfile: name=Profile 1 path=D:\Java-Servlet\.metadata\.plugins\org.eclipse.swt\EBWebView\Default lastActive=2026-08-31T10:59:43.822Z
2026-09-18 22:38:26.074: [INFO] OnDoneLoading sync enabled: 0
2026-09-18 22:38:26.074: [INFO] BookmarkModelLoaded, ids_reassigned: 0
2026-09-18 22:38:26.074: [INFO] BookmarksLoadDropped droppedNodes=0
2026-09-18 22:38:26.074: [INFO] BookmarksSnapshot Startup total=0 bar=0 other=0 mobile=0 showBar=0 showBarNTP=1
2026-09-18 22:44:06.718: [INFO] BookmarksSnapshot Shutdown total=0 bar=0 other=0 mobile=0 showBar=0 showBarNTP=1
2026-09-18 22:44:06.768: [INFO] CurrentProfilePath: D:\Java-Servlet\.metadata\.plugins\org.eclipse.swt\EBWebView\Default
2026-09-18 22:44:06.768: [INFO] Profiles total count: 1
2026-09-18 22:44:06.768: [INFO] Profile: name=Profile 1 path=D:\Java-Servlet\.metadata\.plugins\org.eclipse.swt\EBWebView\Default lastActive=2026-08-31T10:59:43.822Z
2026-09-18 22:44:06.768: [INFO] LastUsedProfileDir: D:\Java-Servlet\.metadata\.plugins\org.eclipse.swt\EBWebView\Default
2026-09-18 22:44:06.768: [INFO] MostRecentlyActiveProfile: name=Profile 1 path=D:\Java-Servlet\.metadata\.plugins\org.eclipse.swt\EBWebView\Default lastActive=2026-08-31T10:59:43.822Z
2026-09-18 22:44:06.768: [INFO] OnDoneLoading sync enabled: 0
2026-09-18 22:44:06.768: [INFO] BookmarkModelLoaded, ids_reassigned: 0
2026-09-18 22:44:06.768: [INFO] BookmarksLoadDropped droppedNodes=0
2026-09-18 22:44:06.768: [INFO] BookmarksSnapshot Startup total=0 bar=0 other=0 mobile=0 showBar=0 showBarNTP=1
2026-09-19 00:13:19.403: [INFO] BookmarksSnapshot Shutdown total=0 bar=0 other=0 mobile=0 showBar=0 showBarNTP=1
2026-09-19 11:27:43.306: [INFO] CurrentProfilePath: D:\Java-Servlet\.metadata\.plugins\org.eclipse.swt\EBWebView\Default
2026-09-19 11:27:43.306: [INFO] Profiles total count: 1
2026-09-19 11:27:43.306: [INFO] Profile: name=Profile 1 path=D:\Java-Servlet\.metadata\.plugins\org.eclipse.swt\EBWebView\Default lastActive=2026-08-31T10:59:43.822Z
2026-09-19 11:27:43.306: [INFO] LastUsedProfileDir: D:\Java-Servlet\.metadata\.plugins\org.eclipse.swt\EBWebView\Default
2026-09-19 11:27:43.306: [INFO] MostRecentlyActiveProfile: name=Profile 1 path=D:\Java-Servlet\.metadata\.plugins\org.eclipse.swt\EBWebView\Default lastActive=2026-08-31T10:59:43.822Z
2026-09-19 11:27:43.306: [INFO] OnDoneLoading sync enabled: 0
2026-09-19 11:27:43.306: [INFO] BookmarkModelLoaded, ids_reassigned: 0
2026-09-19 11:27:43.306: [INFO] BookmarksLoadDropped droppedNodes=0
2026-09-19 11:27:43.306: [INFO] BookmarksSnapshot Startup total=0 bar=0 other=0 mobile=0 showBar=0 showBarNTP=1
2026-09-19 11:27:43.663: [INFO] BookmarksSnapshot Shutdown total=0 bar=0 other=0 mobile=0 showBar=0 showBarNTP=1
2026-09-19 11:31:52.566: [INFO] CurrentProfilePath: D:\Java-Servlet\.metadata\.plugins\org.eclipse.swt\EBWebView\Default
2026-09-19 11:31:52.566: [INFO] Profiles total count: 1
2026-09-19 11:31:52.566: [INFO] Profile: name=Profile 1 path=D:\Java-Servlet\.metadata\.plugins\org.eclipse.swt\EBWebView\Default lastActive=2026-08-31T10:59:43.822Z
2026-09-19 11:31:52.566: [INFO] LastUsedProfileDir: D:\Java-Servlet\.metadata\.plugins\org.eclipse.swt\EBWebView\Default
2026-09-19 11:31:52.566: [INFO] MostRecentlyActiveProfile: name=Profile 1 path=D:\Java-Servlet\.metadata\.plugins\org.eclipse.swt\EBWebView\Default lastActive=2026-08-31T10:59:43.822Z
2026-09-19 11:31:52.566: [INFO] OnDoneLoading sync enabled: 0
2026-09-19 11:31:52.566: [INFO] BookmarkModelLoaded, ids_reassigned: 0
2026-09-19 11:31:52.566: [INFO] BookmarksLoadDropped droppedNodes=0
2026-09-19 11:31:52.566: [INFO] BookmarksSnapshot Startup total=0 bar=0 other=0 mobile=0 showBar=0 showBarNTP=1
2026-09-19 11:31:57.043: [INFO] BookmarksSnapshot Shutdown total=0 bar=0 other=0 mobile=0 showBar=0 showBarNTP=1
2026-09-19 11:37:58.109: [INFO] CurrentProfilePath: D:\Java-Servlet\.metadata\.plugins\org.eclipse.swt\EBWebView\Default
2026-09-19 11:37:58.109: [INFO] Profiles total count: 1
2026-09-19 11:37:58.110: [INFO] Profile: name=Profile 1 path=D:\Java-Servlet\.metadata\.plugins\org.eclipse.swt\EBWebView\Default lastActive=2026-08-31T10:59:43.822Z
2026-09-19 11:37:58.110: [INFO] LastUsedProfileDir: D:\Java-Servlet\.metadata\.plugins\org.eclipse.swt\EBWebView\Default
2026-09-19 11:37:58.110: [INFO] MostRecentlyActiveProfile: name=Profile 1 path=D:\Java-Servlet\.metadata\.plugins\org.eclipse.swt\EBWebView\Default lastActive=2026-08-31T10:59:43.822Z
2026-09-19 11:37:58.110: [INFO] OnDoneLoading sync enabled: 0
2026-09-19 11:37:58.110: [INFO] BookmarkModelLoaded, ids_reassigned: 0
2026-09-19 11:37:58.110: [INFO] BookmarksLoadDropped droppedNodes=0
2026-09-19 11:37:58.110: [INFO] BookmarksSnapshot Startup total=0 bar=0 other=0 mobile=0 showBar=0 showBarNTP=1
2026-09-19 11:38:04.704: [INFO] BookmarksSnapshot Shutdown total=0 bar=0 other=0 mobile=0 showBar=0 showBarNTP=1
2026-09-19 11:55:56.642: [INFO] CurrentProfilePath: D:\Java-Servlet\.metadata\.plugins\org.eclipse.swt\EBWebView\Default
2026-09-19 11:55:56.643: [INFO] Profiles total count: 1
2026-09-19 11:55:56.643: [INFO] Profile: name=Profile 1 path=D:\Java-Servlet\.metadata\.plugins\org.eclipse.swt\EBWebView\Default lastActive=2026-08-31T10:59:43.822Z
2026-09-19 11:55:56.643: [INFO] LastUsedProfileDir: D:\Java-Servlet\.metadata\.plugins\org.eclipse.swt\EBWebView\Default
2026-09-19 11:55:56.643: [INFO] MostRecentlyActiveProfile: name=Profile 1 path=D:\Java-Servlet\.metadata\.plugins\org.eclipse.swt\EBWebView\Default lastActive=2026-08-31T10:59:43.822Z
2026-09-19 11:55:56.643: [INFO] OnDoneLoading sync enabled: 0
2026-09-19 11:55:56.643: [INFO] BookmarkModelLoaded, ids_reassigned: 0
2026-09-19 11:55:56.643: [INFO] BookmarksLoadDropped droppedNodes=0
2026-09-19 11:55:56.643: [INFO] BookmarksSnapshot Startup total=0 bar=0 other=0 mobile=0 showBar=0 showBarNTP=1
2026-09-19 13:56:37.982: [INFO] BookmarksSnapshot Shutdown total=0 bar=0 other=0 mobile=0 showBar=0 showBarNTP=1
2026-09-19 13:56:46.737: [INFO] CurrentProfilePath: D:\Java-Servlet\.metadata\.plugins\org.eclipse.swt\EBWebView\Default
2026-09-19 13:56:46.737: [INFO] Profiles total count: 1
2026-09-19 13:56:46.737: [INFO] Profile: name=Profile 1 path=D:\Java-Servlet\.metadata\.plugins\org.eclipse.swt\EBWebView\Default lastActive=2026-08-31T10:59:43.822Z
2026-09-19 13:56:46.737: [INFO] LastUsedProfileDir: D:\Java-Servlet\.metadata\.plugins\org.eclipse.swt\EBWebView\Default
2026-09-19 13:56:46.737: [INFO] MostRecentlyActiveProfile: name=Profile 1 path=D:\Java-Servlet\.metadata\.plugins\org.eclipse.swt\EBWebView\Default lastActive=2026-08-31T10:59:43.822Z
2026-09-19 13:56:46.737: [INFO] OnDoneLoading sync enabled: 0
2026-09-19 13:56:46.737: [INFO] BookmarkModelLoaded, ids_reassigned: 0
2026-09-19 13:56:46.737: [INFO] BookmarksLoadDropped droppedNodes=0
2026-09-19 13:56:46.737: [INFO] BookmarksSnapshot Startup total=0 bar=0 other=0 mobile=0 showBar=0 showBarNTP=1
2026-09-19 15:31:16.078: [INFO] BookmarksSnapshot Shutdown total=0 bar=0 other=0 mobile=0 showBar=0 showBarNTP=1
2026-09-19 15:33:15.192: [INFO] CurrentProfilePath: D:\Java-Servlet\.metadata\.plugins\org.eclipse.swt\EBWebView\Default
2026-09-19 15:33:15.192: [INFO] Profiles total count: 1
2026-09-19 15:33:15.193: [INFO] Profile: name=Profile 1 path=D:\Java-Servlet\.metadata\.plugins\org.eclipse.swt\EBWebView\Default lastActive=2026-08-31T10:59:43.822Z
2026-09-19 15:33:15.193: [INFO] LastUsedProfileDir: D:\Java-Servlet\.metadata\.plugins\org.eclipse.swt\EBWebView\Default
2026-09-19 15:33:15.193: [INFO] MostRecentlyActiveProfile: name=Profile 1 path=D:\Java-Servlet\.metadata\.plugins\org.eclipse.swt\EBWebView\Default lastActive=2026-08-31T10:59:43.822Z
2026-09-19 15:33:15.193: [INFO] OnDoneLoading sync enabled: 0
2026-09-19 15:33:15.193: [INFO] BookmarkModelLoaded, ids_reassigned: 0
2026-09-19 15:33:15.193: [INFO] BookmarksLoadDropped droppedNodes=0
2026-09-19 15:33:15.193: [INFO] BookmarksSnapshot Startup total=0 bar=0 other=0 mobile=0 showBar=0 showBarNTP=1
2026-09-19 15:33:25.493: [INFO] BookmarksSnapshot Shutdown total=0 bar=0 other=0 mobile=0 showBar=0 showBarNTP=1
2026-09-19 15:34:56.310: [INFO] CurrentProfilePath: D:\Java-Servlet\.metadata\.plugins\org.eclipse.swt\EBWebView\Default
2026-09-19 15:34:56.310: [INFO] Profiles total count: 1
2026-09-19 15:34:56.310: [INFO] Profile: name=Profile 1 path=D:\Java-Servlet\.metadata\.plugins\org.eclipse.swt\EBWebView\Default lastActive=2026-08-31T10:59:43.822Z
2026-09-19 15:34:56.310: [INFO] LastUsedProfileDir: D:\Java-Servlet\.metadata\.plugins\org.eclipse.swt\EBWebView\Default
2026-09-19 15:34:56.310: [INFO] MostRecentlyActiveProfile: name=Profile 1 path=D:\Java-Servlet\.metadata\.plugins\org.eclipse.swt\EBWebView\Default lastActive=2026-08-31T10:59:43.822Z
2026-09-19 15:34:56.310: [INFO] OnDoneLoading sync enabled: 0
2026-09-19 15:34:56.310: [INFO] BookmarkModelLoaded, ids_reassigned: 0
2026-09-19 15:34:56.310: [INFO] BookmarksLoadDropped droppedNodes=0
2026-09-19 15:34:56.310: [INFO] BookmarksSnapshot Startup total=0 bar=0 other=0 mobile=0 showBar=0 showBarNTP=1
2026-09-19 15:49:18.657: [INFO] BookmarksSnapshot Shutdown total=0 bar=0 other=0 mobile=0 showBar=0 showBarNTP=1
2026-09-19 16:44:15.055: [INFO] CurrentProfilePath: D:\Java-Servlet\.metadata\.plugins\org.eclipse.swt\EBWebView\Default
2026-09-19 16:44:15.055: [INFO] Profiles total count: 1
2026-09-19 16:44:15.055: [INFO] Profile: name=Profile 1 path=D:\Java-Servlet\.metadata\.plugins\org.eclipse.swt\EBWebView\Default lastActive=2026-08-31T10:59:43.822Z
2026-09-19 16:44:15.055: [INFO] LastUsedProfileDir: D:\Java-Servlet\.metadata\.plugins\org.eclipse.swt\EBWebView\Default
2026-09-19 16:44:15.055: [INFO] MostRecentlyActiveProfile: name=Profile 1 path=D:\Java-Servlet\.metadata\.plugins\org.eclipse.swt\EBWebView\Default lastActive=2026-08-31T10:59:43.822Z
2026-09-19 16:44:15.055: [INFO] OnDoneLoading sync enabled: 0
2026-09-19 16:44:15.055: [INFO] BookmarkModelLoaded, ids_reassigned: 0
2026-09-19 16:44:15.055: [INFO] BookmarksLoadDropped droppedNodes=0
2026-09-19 16:44:15.055: [INFO] BookmarksSnapshot Startup total=0 bar=0 other=0 mobile=0 showBar=0 showBarNTP=1
2026-09-19 17:34:02.920: [INFO] BookmarksSnapshot Shutdown total=0 bar=0 other=0 mobile=0 showBar=0 showBarNTP=1
2026-09-19 17:38:59.676: [INFO] CurrentProfilePath: D:\Java-Servlet\.metadata\.plugins\org.eclipse.swt\EBWebView\Default
2026-09-19 17:38:59.676: [INFO] Profiles total count: 1
2026-09-19 17:38:59.676: [INFO] Profile: name=Profile 1 path=D:\Java-Servlet\.metadata\.plugins\org.eclipse.swt\EBWebView\Default lastActive=2026-08-31T10:59:43.822Z
2026-09-19 17:38:59.676: [INFO] LastUsedProfileDir: D:\Java-Servlet\.metadata\.plugins\org.eclipse.swt\EBWebView\Default
2026-09-19 17:38:59.676: [INFO] MostRecentlyActiveProfile: name=Profile 1 path=D:\Java-Servlet\.metadata\.plugins\org.eclipse.swt\EBWebView\Default lastActive=2026-08-31T10:59:43.822Z
2026-09-19 17:38:59.676: [INFO] OnDoneLoading sync enabled: 0
2026-09-19 17:38:59.676: [INFO] BookmarkModelLoaded, ids_reassigned: 0
2026-09-19 17:38:59.676: [INFO] BookmarksLoadDropped droppedNodes=0
2026-09-19 17:38:59.676: [INFO] BookmarksSnapshot Startup total=0 bar=0 other=0 mobile=0 showBar=0 showBarNTP=1
2026-09-19 17:39:15.802: [INFO] BookmarksSnapshot Shutdown total=0 bar=0 other=0 mobile=0 showBar=0 showBarNTP=1
2026-09-19 17:42:03.182: [INFO] CurrentProfilePath: D:\Java-Servlet\.metadata\.plugins\org.eclipse.swt\EBWebView\Default
2026-09-19 17:42:03.182: [INFO] Profiles total count: 1
2026-09-19 17:42:03.182: [INFO] Profile: name=Profile 1 path=D:\Java-Servlet\.metadata\.plugins\org.eclipse.swt\EBWebView\Default lastActive=2026-08-31T10:59:43.822Z
2026-09-19 17:42:03.182: [INFO] LastUsedProfileDir: D:\Java-Servlet\.metadata\.plugins\org.eclipse.swt\EBWebView\Default
2026-09-19 17:42:03.182: [INFO] MostRecentlyActiveProfile: name=Profile 1 path=D:\Java-Servlet\.metadata\.plugins\org.eclipse.swt\EBWebView\Default lastActive=2026-08-31T10:59:43.822Z
2026-09-19 17:42:03.182: [INFO] OnDoneLoading sync enabled: 0
2026-09-19 17:42:03.182: [INFO] BookmarkModelLoaded, ids_reassigned: 0
2026-09-19 17:42:03.182: [INFO] BookmarksLoadDropped droppedNodes=0
2026-09-19 17:42:03.182: [INFO] BookmarksSnapshot Startup total=0 bar=0 other=0 mobile=0 showBar=0 showBarNTP=1
2026-09-19 17:42:13.737: [INFO] BookmarksSnapshot Shutdown total=0 bar=0 other=0 mobile=0 showBar=0 showBarNTP=1
2026-09-19 17:42:50.702: [INFO] CurrentProfilePath: D:\Java-Servlet\.metadata\.plugins\org.eclipse.swt\EBWebView\Default
2026-09-19 17:42:50.702: [INFO] Profiles total count: 1
2026-09-19 17:42:50.703: [INFO] Profile: name=Profile 1 path=D:\Java-Servlet\.metadata\.plugins\org.eclipse.swt\EBWebView\Default lastActive=2026-08-31T10:59:43.822Z
2026-09-19 17:42:50.703: [INFO] LastUsedProfileDir: D:\Java-Servlet\.metadata\.plugins\org.eclipse.swt\EBWebView\Default
2026-09-19 17:42:50.703: [INFO] MostRecentlyActiveProfile: name=Profile 1 path=D:\Java-Servlet\.metadata\.plugins\org.eclipse.swt\EBWebView\Default lastActive=2026-08-31T10:59:43.822Z
2026-09-19 17:42:50.703: [INFO] OnDoneLoading sync enabled: 0
2026-09-19 17:42:50.703: [INFO] BookmarkModelLoaded, ids_reassigned: 0
2026-09-19 17:42:50.703: [INFO] BookmarksLoadDropped droppedNodes=0
2026-09-19 17:42:50.703: [INFO] BookmarksSnapshot Startup total=0 bar=0 other=0 mobile=0 showBar=0 showBarNTP=1
2026-09-19 17:43:08.615: [INFO] BookmarksSnapshot Shutdown total=0 bar=0 other=0 mobile=0 showBar=0 showBarNTP=1
2026-09-19 17:46:00.265: [INFO] CurrentProfilePath: D:\Java-Servlet\.metadata\.plugins\org.eclipse.swt\EBWebView\Default
2026-09-19 17:46:00.265: [INFO] Profiles total count: 1
2026-09-19 17:46:00.265: [INFO] Profile: name=Profile 1 path=D:\Java-Servlet\.metadata\.plugins\org.eclipse.swt\EBWebView\Default lastActive=2026-08-31T10:59:43.822Z
2026-09-19 17:46:00.265: [INFO] LastUsedProfileDir: D:\Java-Servlet\.metadata\.plugins\org.eclipse.swt\EBWebView\Default
2026-09-19 17:46:00.265: [INFO] MostRecentlyActiveProfile: name=Profile 1 path=D:\Java-Servlet\.metadata\.plugins\org.eclipse.swt\EBWebView\Default lastActive=2026-08-31T10:59:43.822Z
2026-09-19 17:46:00.265: [INFO] OnDoneLoading sync enabled: 0
2026-09-19 17:46:00.265: [INFO] BookmarkModelLoaded, ids_reassigned: 0
2026-09-19 17:46:00.265: [INFO] BookmarksLoadDropped droppedNodes=0
2026-09-19 17:46:00.265: [INFO] BookmarksSnapshot Startup total=0 bar=0 other=0 mobile=0 showBar=0 showBarNTP=1
2026-09-19 17:46:00.351: [INFO] BookmarksSnapshot Shutdown total=0 bar=0 other=0 mobile=0 showBar=0 showBarNTP=1
2026-09-19 17:46:43.576: [INFO] CurrentProfilePath: D:\Java-Servlet\.metadata\.plugins\org.eclipse.swt\EBWebView\Default
2026-09-19 17:46:43.576: [INFO] Profiles total count: 1
2026-09-19 17:46:43.577: [INFO] Profile: name=Profile 1 path=D:\Java-Servlet\.metadata\.plugins\org.eclipse.swt\EBWebView\Default lastActive=2026-08-31T10:59:43.822Z
2026-09-19 17:46:43.577: [INFO] LastUsedProfileDir: D:\Java-Servlet\.metadata\.plugins\org.eclipse.swt\EBWebView\Default
2026-09-19 17:46:43.577: [INFO] MostRecentlyActiveProfile: name=Profile 1 path=D:\Java-Servlet\.metadata\.plugins\org.eclipse.swt\EBWebView\Default lastActive=2026-08-31T10:59:43.822Z
2026-09-19 17:46:43.577: [INFO] OnDoneLoading sync enabled: 0
2026-09-19 17:46:43.577: [INFO] BookmarkModelLoaded, ids_reassigned: 0
2026-09-19 17:46:43.577: [INFO] BookmarksLoadDropped droppedNodes=0
2026-09-19 17:46:43.577: [INFO] BookmarksSnapshot Startup total=0 bar=0 other=0 mobile=0 showBar=0 showBarNTP=1
2026-09-19 17:46:43.690: [INFO] BookmarksSnapshot Shutdown total=0 bar=0 other=0 mobile=0 showBar=0 showBarNTP=1
2026-09-19 17:47:35.416: [INFO] CurrentProfilePath: D:\Java-Servlet\.metadata\.plugins\org.eclipse.swt\EBWebView\Default
2026-09-19 17:47:35.416: [INFO] Profiles total count: 1
2026-09-19 17:47:35.416: [INFO] Profile: name=Profile 1 path=D:\Java-Servlet\.metadata\.plugins\org.eclipse.swt\EBWebView\Default lastActive=2026-08-31T10:59:43.822Z
2026-09-19 17:47:35.416: [INFO] LastUsedProfileDir: D:\Java-Servlet\.metadata\.plugins\org.eclipse.swt\EBWebView\Default
2026-09-19 17:47:35.416: [INFO] MostRecentlyActiveProfile: name=Profile 1 path=D:\Java-Servlet\.metadata\.plugins\org.eclipse.swt\EBWebView\Default lastActive=2026-08-31T10:59:43.822Z
2026-09-19 17:47:35.416: [INFO] OnDoneLoading sync enabled: 0
2026-09-19 17:47:35.416: [INFO] BookmarkModelLoaded, ids_reassigned: 0
2026-09-19 17:47:35.416: [INFO] BookmarksLoadDropped droppedNodes=0
2026-09-19 17:47:35.416: [INFO] BookmarksSnapshot Startup total=0 bar=0 other=0 mobile=0 showBar=0 showBarNTP=1
2026-09-19 17:47:49.728: [INFO] BookmarksSnapshot Shutdown total=0 bar=0 other=0 mobile=0 showBar=0 showBarNTP=1
2026-09-19 17:49:15.486: [INFO] CurrentProfilePath: D:\Java-Servlet\.metadata\.plugins\org.eclipse.swt\EBWebView\Default
2026-09-19 17:49:15.486: [INFO] Profiles total count: 1
2026-09-19 17:49:15.486: [INFO] Profile: name=Profile 1 path=D:\Java-Servlet\.metadata\.plugins\org.eclipse.swt\EBWebView\Default lastActive=2026-08-31T10:59:43.822Z
2026-09-19 17:49:15.486: [INFO] LastUsedProfileDir: D:\Java-Servlet\.metadata\.plugins\org.eclipse.swt\EBWebView\Default
2026-09-19 17:49:15.486: [INFO] MostRecentlyActiveProfile: name=Profile 1 path=D:\Java-Servlet\.metadata\.plugins\org.eclipse.swt\EBWebView\Default lastActive=2026-08-31T10:59:43.822Z
2026-09-19 17:49:15.486: [INFO] OnDoneLoading sync enabled: 0
2026-09-19 17:49:15.486: [INFO] BookmarkModelLoaded, ids_reassigned: 0
2026-09-19 17:49:15.486: [INFO] BookmarksLoadDropped droppedNodes=0
2026-09-19 17:49:15.486: [INFO] BookmarksSnapshot Startup total=0 bar=0 other=0 mobile=0 showBar=0 showBarNTP=1
2026-09-19 17:49:24.391: [INFO] BookmarksSnapshot Shutdown total=0 bar=0 other=0 mobile=0 showBar=0 showBarNTP=1
2026-09-19 17:49:45.611: [INFO] CurrentProfilePath: D:\Java-Servlet\.metadata\.plugins\org.eclipse.swt\EBWebView\Default
2026-09-19 17:49:45.611: [INFO] Profiles total count: 1
2026-09-19 17:49:45.611: [INFO] Profile: name=Profile 1 path=D:\Java-Servlet\.metadata\.plugins\org.eclipse.swt\EBWebView\Default lastActive=2026-08-31T10:59:43.822Z
2026-09-19 17:49:45.611: [INFO] LastUsedProfileDir: D:\Java-Servlet\.metadata\.plugins\org.eclipse.swt\EBWebView\Default
2026-09-19 17:49:45.611: [INFO] MostRecentlyActiveProfile: name=Profile 1 path=D:\Java-Servlet\.metadata\.plugins\org.eclipse.swt\EBWebView\Default lastActive=2026-08-31T10:59:43.822Z
2026-09-19 17:49:45.611: [INFO] OnDoneLoading sync enabled: 0
2026-09-19 17:49:45.611: [INFO] BookmarkModelLoaded, ids_reassigned: 0
2026-09-19 17:49:45.611: [INFO] BookmarksLoadDropped droppedNodes=0
2026-09-19 17:49:45.611: [INFO] BookmarksSnapshot Startup total=0 bar=0 other=0 mobile=0 showBar=0 showBarNTP=1
2026-09-19 17:49:51.787: [INFO] BookmarksSnapshot Shutdown total=0 bar=0 other=0 mobile=0 showBar=0 showBarNTP=1
2026-09-19 17:50:13.187: [INFO] CurrentProfilePath: D:\Java-Servlet\.metadata\.plugins\org.eclipse.swt\EBWebView\Default
2026-09-19 17:50:13.187: [INFO] Profiles total count: 1
2026-09-19 17:50:13.187: [INFO] Profile: name=Profile 1 path=D:\Java-Servlet\.metadata\.plugins\org.eclipse.swt\EBWebView\Default lastActive=2026-08-31T10:59:43.822Z
2026-09-19 17:50:13.187: [INFO] LastUsedProfileDir: D:\Java-Servlet\.metadata\.plugins\org.eclipse.swt\EBWebView\Default
2026-09-19 17:50:13.188: [INFO] MostRecentlyActiveProfile: name=Profile 1 path=D:\Java-Servlet\.metadata\.plugins\org.eclipse.swt\EBWebView\Default lastActive=2026-08-31T10:59:43.822Z
2026-09-19 17:50:13.188: [INFO] OnDoneLoading sync enabled: 0
2026-09-19 17:50:13.188: [INFO] BookmarkModelLoaded, ids_reassigned: 0
2026-09-19 17:50:13.188: [INFO] BookmarksLoadDropped droppedNodes=0
2026-09-19 17:50:13.188: [INFO] BookmarksSnapshot Startup total=0 bar=0 other=0 mobile=0 showBar=0 showBarNTP=1
2026-09-19 17:50:22.703: [INFO] BookmarksSnapshot Shutdown total=0 bar=0 other=0 mobile=0 showBar=0 showBarNTP=1
2026-09-19 17:50:52.905: [INFO] CurrentProfilePath: D:\Java-Servlet\.metadata\.plugins\org.eclipse.swt\EBWebView\Default
2026-09-19 17:50:52.906: [INFO] Profiles total count: 1
2026-09-19 17:50:52.906: [INFO] Profile: name=Profile 1 path=D:\Java-Servlet\.metadata\.plugins\org.eclipse.swt\EBWebView\Default lastActive=2026-08-31T10:59:43.822Z
2026-09-19 17:50:52.906: [INFO] LastUsedProfileDir: D:\Java-Servlet\.metadata\.plugins\org.eclipse.swt\EBWebView\Default
2026-09-19 17:50:52.906: [INFO] MostRecentlyActiveProfile: name=Profile 1 path=D:\Java-Servlet\.metadata\.plugins\org.eclipse.swt\EBWebView\Default lastActive=2026-08-31T10:59:43.822Z
2026-09-19 17:50:52.906: [INFO] OnDoneLoading sync enabled: 0
2026-09-19 17:50:52.906: [INFO] BookmarkModelLoaded, ids_reassigned: 0
2026-09-19 17:50:52.906: [INFO] BookmarksLoadDropped droppedNodes=0
2026-09-19 17:50:52.906: [INFO] BookmarksSnapshot Startup total=0 bar=0 other=0 mobile=0 showBar=0 showBarNTP=1
2026-09-19 17:50:56.139: [INFO] BookmarksSnapshot Shutdown total=0 bar=0 other=0 mobile=0 showBar=0 showBarNTP=1
2026-09-19 17:51:03.976: [INFO] CurrentProfilePath: D:\Java-Servlet\.metadata\.plugins\org.eclipse.swt\EBWebView\Default
2026-09-19 17:51:03.976: [INFO] Profiles total count: 1
2026-09-19 17:51:03.976: [INFO] Profile: name=Profile 1 path=D:\Java-Servlet\.metadata\.plugins\org.eclipse.swt\EBWebView\Default lastActive=2026-08-31T10:59:43.822Z
2026-09-19 17:51:03.976: [INFO] LastUsedProfileDir: D:\Java-Servlet\.metadata\.plugins\org.eclipse.swt\EBWebView\Default
2026-09-19 17:51:03.976: [INFO] MostRecentlyActiveProfile: name=Profile 1 path=D:\Java-Servlet\.metadata\.plugins\org.eclipse.swt\EBWebView\Default lastActive=2026-08-31T10:59:43.822Z
2026-09-19 17:51:03.976: [INFO] OnDoneLoading sync enabled: 0
2026-09-19 17:51:03.976: [INFO] BookmarkModelLoaded, ids_reassigned: 0
2026-09-19 17:51:03.976: [INFO] BookmarksLoadDropped droppedNodes=0
2026-09-19 17:51:03.976: [INFO] BookmarksSnapshot Startup total=0 bar=0 other=0 mobile=0 showBar=0 showBarNTP=1
2026-09-19 17:51:09.223: [INFO] BookmarksSnapshot Shutdown total=0 bar=0 other=0 mobile=0 showBar=0 showBarNTP=1
2026-09-19 17:51:12.085: [INFO] CurrentProfilePath: D:\Java-Servlet\.metadata\.plugins\org.eclipse.swt\EBWebView\Default
2026-09-19 17:51:12.085: [INFO] Profiles total count: 1
2026-09-19 17:51:12.085: [INFO] Profile: name=Profile 1 path=D:\Java-Servlet\.metadata\.plugins\org.eclipse.swt\EBWebView\Default lastActive=2026-08-31T10:59:43.822Z
2026-09-19 17:51:12.085: [INFO] LastUsedProfileDir: D:\Java-Servlet\.metadata\.plugins\org.eclipse.swt\EBWebView\Default
2026-09-19 17:51:12.085: [INFO] MostRecentlyActiveProfile: name=Profile 1 path=D:\Java-Servlet\.metadata\.plugins\org.eclipse.swt\EBWebView\Default lastActive=2026-08-31T10:59:43.822Z
2026-09-19 17:51:12.085: [INFO] OnDoneLoading sync enabled: 0
2026-09-19 17:51:12.085: [INFO] BookmarkModelLoaded, ids_reassigned: 0
2026-09-19 17:51:12.085: [INFO] BookmarksLoadDropped droppedNodes=0
2026-09-19 17:51:12.085: [INFO] BookmarksSnapshot Startup total=0 bar=0 other=0 mobile=0 showBar=0 showBarNTP=1
2026-09-19 17:51:14.257: [INFO] BookmarksSnapshot Shutdown total=0 bar=0 other=0 mobile=0 showBar=0 showBarNTP=1
2026-09-19 17:55:42.150: [INFO] CurrentProfilePath: D:\Java-Servlet\.metadata\.plugins\org.eclipse.swt\EBWebView\Default
2026-09-19 17:55:42.150: [INFO] Profiles total count: 1
2026-09-19 17:55:42.150: [INFO] Profile: name=Profile 1 path=D:\Java-Servlet\.metadata\.plugins\org.eclipse.swt\EBWebView\Default lastActive=2026-08-31T10:59:43.822Z
2026-09-19 17:55:42.150: [INFO] LastUsedProfileDir: D:\Java-Servlet\.metadata\.plugins\org.eclipse.swt\EBWebView\Default
2026-09-19 17:55:42.150: [INFO] MostRecentlyActiveProfile: name=Profile 1 path=D:\Java-Servlet\.metadata\.plugins\org.eclipse.swt\EBWebView\Default lastActive=2026-08-31T10:59:43.822Z
2026-09-19 17:55:42.150: [INFO] OnDoneLoading sync enabled: 0
2026-09-19 17:55:42.150: [INFO] BookmarkModelLoaded, ids_reassigned: 0
2026-09-19 17:55:42.150: [INFO] BookmarksLoadDropped droppedNodes=0
2026-09-19 17:55:42.150: [INFO] BookmarksSnapshot Startup total=0 bar=0 other=0 mobile=0 showBar=0 showBarNTP=1
2026-09-19 19:18:19.431: [INFO] BookmarksSnapshot Shutdown total=0 bar=0 other=0 mobile=0 showBar=0 showBarNTP=1
2026-09-19 19:19:24.637: [INFO] CurrentProfilePath: D:\Java-Servlet\.metadata\.plugins\org.eclipse.swt\EBWebView\Default
2026-09-19 19:19:24.637: [INFO] Profiles total count: 1
2026-09-19 19:19:24.637: [INFO] Profile: name=Profile 1 path=D:\Java-Servlet\.metadata\.plugins\org.eclipse.swt\EBWebView\Default lastActive=2026-08-31T10:59:43.822Z
2026-09-19 19:19:24.637: [INFO] LastUsedProfileDir: D:\Java-Servlet\.metadata\.plugins\org.eclipse.swt\EBWebView\Default
2026-09-19 19:19:24.637: [INFO] MostRecentlyActiveProfile: name=Profile 1 path=D:\Java-Servlet\.metadata\.plugins\org.eclipse.swt\EBWebView\Default lastActive=2026-08-31T10:59:43.822Z
2026-09-19 19:19:24.637: [INFO] OnDoneLoading sync enabled: 0
2026-09-19 19:19:24.637: [INFO] BookmarkModelLoaded, ids_reassigned: 0
2026-09-19 19:19:24.637: [INFO] BookmarksLoadDropped droppedNodes=0
2026-09-19 19:19:24.637: [INFO] BookmarksSnapshot Startup total=0 bar=0 other=0 mobile=0 showBar=0 showBarNTP=1
2026-09-19 19:19:32.381: [INFO] BookmarksSnapshot Shutdown total=0 bar=0 other=0 mobile=0 showBar=0 showBarNTP=1
2026-09-19 19:20:37.368: [INFO] CurrentProfilePath: D:\Java-Servlet\.metadata\.plugins\org.eclipse.swt\EBWebView\Default
2026-09-19 19:20:37.368: [INFO] Profiles total count: 1
2026-09-19 19:20:37.369: [INFO] Profile: name=Profile 1 path=D:\Java-Servlet\.metadata\.plugins\org.eclipse.swt\EBWebView\Default lastActive=2026-08-31T10:59:43.822Z
2026-09-19 19:20:37.369: [INFO] LastUsedProfileDir: D:\Java-Servlet\.metadata\.plugins\org.eclipse.swt\EBWebView\Default
2026-09-19 19:20:37.369: [INFO] MostRecentlyActiveProfile: name=Profile 1 path=D:\Java-Servlet\.metadata\.plugins\org.eclipse.swt\EBWebView\Default lastActive=2026-08-31T10:59:43.822Z
2026-09-19 19:20:37.369: [INFO] OnDoneLoading sync enabled: 0
2026-09-19 19:20:37.369: [INFO] BookmarkModelLoaded, ids_reassigned: 0
2026-09-19 19:20:37.369: [INFO] BookmarksLoadDropped droppedNodes=0
2026-09-19 19:20:37.369: [INFO] BookmarksSnapshot Startup total=0 bar=0 other=0 mobile=0 showBar=0 showBarNTP=1
2026-09-19 19:20:43.493: [INFO] BookmarksSnapshot Shutdown total=0 bar=0 other=0 mobile=0 showBar=0 showBarNTP=1
2026-09-19 19:20:59.140: [INFO] CurrentProfilePath: D:\Java-Servlet\.metadata\.plugins\org.eclipse.swt\EBWebView\Default
2026-09-19 19:20:59.140: [INFO] Profiles total count: 1
2026-09-19 19:20:59.141: [INFO] Profile: name=Profile 1 path=D:\Java-Servlet\.metadata\.plugins\org.eclipse.swt\EBWebView\Default lastActive=2026-08-31T10:59:43.822Z
2026-09-19 19:20:59.141: [INFO] LastUsedProfileDir: D:\Java-Servlet\.metadata\.plugins\org.eclipse.swt\EBWebView\Default
2026-09-19 19:20:59.141: [INFO] MostRecentlyActiveProfile: name=Profile 1 path=D:\Java-Servlet\.metadata\.plugins\org.eclipse.swt\EBWebView\Default lastActive=2026-08-31T10:59:43.822Z
2026-09-19 19:20:59.141: [INFO] OnDoneLoading sync enabled: 0
2026-09-19 19:20:59.141: [INFO] BookmarkModelLoaded, ids_reassigned: 0
2026-09-19 19:20:59.141: [INFO] BookmarksLoadDropped droppedNodes=0
2026-09-19 19:20:59.141: [INFO] BookmarksSnapshot Startup total=0 bar=0 other=0 mobile=0 showBar=0 showBarNTP=1
2026-09-19 19:21:03.535: [INFO] BookmarksSnapshot Shutdown total=0 bar=0 other=0 mobile=0 showBar=0 showBarNTP=1
2026-09-19 19:23:11.446: [INFO] CurrentProfilePath: D:\Java-Servlet\.metadata\.plugins\org.eclipse.swt\EBWebView\Default
2026-09-19 19:23:11.446: [INFO] Profiles total count: 1
2026-09-19 19:23:11.446: [INFO] Profile: name=Profile 1 path=D:\Java-Servlet\.metadata\.plugins\org.eclipse.swt\EBWebView\Default lastActive=2026-08-31T10:59:43.822Z
2026-09-19 19:23:11.446: [INFO] LastUsedProfileDir: D:\Java-Servlet\.metadata\.plugins\org.eclipse.swt\EBWebView\Default
2026-09-19 19:23:11.446: [INFO] MostRecentlyActiveProfile: name=Profile 1 path=D:\Java-Servlet\.metadata\.plugins\org.eclipse.swt\EBWebView\Default lastActive=2026-08-31T10:59:43.822Z
2026-09-19 19:23:11.446: [INFO] OnDoneLoading sync enabled: 0
2026-09-19 19:23:11.446: [INFO] BookmarkModelLoaded, ids_reassigned: 0
2026-09-19 19:23:11.446: [INFO] BookmarksLoadDropped droppedNodes=0
2026-09-19 19:23:11.446: [INFO] BookmarksSnapshot Startup total=0 bar=0 other=0 mobile=0 showBar=0 showBarNTP=1
2026-09-19 19:23:15.435: [INFO] BookmarksSnapshot Shutdown total=0 bar=0 other=0 mobile=0 showBar=0 showBarNTP=1
2026-09-19 19:24:17.436: [INFO] CurrentProfilePath: D:\Java-Servlet\.metadata\.plugins\org.eclipse.swt\EBWebView\Default
2026-09-19 19:24:17.436: [INFO] Profiles total count: 1
2026-09-19 19:24:17.437: [INFO] Profile: name=Profile 1 path=D:\Java-Servlet\.metadata\.plugins\org.eclipse.swt\EBWebView\Default lastActive=2026-08-31T10:59:43.822Z
2026-09-19 19:24:17.437: [INFO] LastUsedProfileDir: D:\Java-Servlet\.metadata\.plugins\org.eclipse.swt\EBWebView\Default
2026-09-19 19:24:17.437: [INFO] MostRecentlyActiveProfile: name=Profile 1 path=D:\Java-Servlet\.metadata\.plugins\org.eclipse.swt\EBWebView\Default lastActive=2026-08-31T10:59:43.822Z
2026-09-19 19:24:17.437: [INFO] OnDoneLoading sync enabled: 0
2026-09-19 19:24:17.437: [INFO] BookmarkModelLoaded, ids_reassigned: 0
2026-09-19 19:24:17.437: [INFO] BookmarksLoadDropped droppedNodes=0
2026-09-19 19:24:17.437: [INFO] BookmarksSnapshot Startup total=0 bar=0 other=0 mobile=0 showBar=0 showBarNTP=1
2026-09-19 19:24:21.863: [INFO] BookmarksSnapshot Shutdown total=0 bar=0 other=0 mobile=0 showBar=0 showBarNTP=1
2026-09-19 19:26:24.603: [INFO] CurrentProfilePath: D:\Java-Servlet\.metadata\.plugins\org.eclipse.swt\EBWebView\Default
2026-09-19 19:26:24.603: [INFO] Profiles total count: 1
2026-09-19 19:26:24.603: [INFO] Profile: name=Profile 1 path=D:\Java-Servlet\.metadata\.plugins\org.eclipse.swt\EBWebView\Default lastActive=2026-08-31T10:59:43.822Z
2026-09-19 19:26:24.603: [INFO] LastUsedProfileDir: D:\Java-Servlet\.metadata\.plugins\org.eclipse.swt\EBWebView\Default
2026-09-19 19:26:24.603: [INFO] MostRecentlyActiveProfile: name=Profile 1 path=D:\Java-Servlet\.metadata\.plugins\org.eclipse.swt\EBWebView\Default lastActive=2026-08-31T10:59:43.822Z
2026-09-19 19:26:24.603: [INFO] OnDoneLoading sync enabled: 0
2026-09-19 19:26:24.603: [INFO] BookmarkModelLoaded, ids_reassigned: 0
2026-09-19 19:26:24.603: [INFO] BookmarksLoadDropped droppedNodes=0
2026-09-19 19:26:24.603: [INFO] BookmarksSnapshot Startup total=0 bar=0 other=0 mobile=0 showBar=0 showBarNTP=1
2026-09-19 19:26:27.320: [INFO] BookmarksSnapshot Shutdown total=0 bar=0 other=0 mobile=0 showBar=0 showBarNTP=1
2026-09-19 19:34:33.681: [INFO] CurrentProfilePath: D:\Java-Servlet\.metadata\.plugins\org.eclipse.swt\EBWebView\Default
2026-09-19 19:34:33.681: [INFO] Profiles total count: 1
2026-09-19 19:34:33.681: [INFO] Profile: name=Profile 1 path=D:\Java-Servlet\.metadata\.plugins\org.eclipse.swt\EBWebView\Default lastActive=2026-08-31T10:59:43.822Z
2026-09-19 19:34:33.681: [INFO] LastUsedProfileDir: D:\Java-Servlet\.metadata\.plugins\org.eclipse.swt\EBWebView\Default
2026-09-19 19:34:33.681: [INFO] MostRecentlyActiveProfile: name=Profile 1 path=D:\Java-Servlet\.metadata\.plugins\org.eclipse.swt\EBWebView\Default lastActive=2026-08-31T10:59:43.822Z
2026-09-19 19:34:33.681: [INFO] OnDoneLoading sync enabled: 0
2026-09-19 19:34:33.681: [INFO] BookmarkModelLoaded, ids_reassigned: 0
2026-09-19 19:34:33.681: [INFO] BookmarksLoadDropped droppedNodes=0
2026-09-19 19:34:33.681: [INFO] BookmarksSnapshot Startup total=0 bar=0 other=0 mobile=0 showBar=0 showBarNTP=1
2026-09-19 19:34:39.731: [INFO] BookmarksSnapshot Shutdown total=0 bar=0 other=0 mobile=0 showBar=0 showBarNTP=1
2026-09-19 19:37:26.518: [INFO] CurrentProfilePath: D:\Java-Servlet\.metadata\.plugins\org.eclipse.swt\EBWebView\Default
2026-09-19 19:37:26.518: [INFO] Profiles total count: 1
2026-09-19 19:37:26.518: [INFO] Profile: name=Profile 1 path=D:\Java-Servlet\.metadata\.plugins\org.eclipse.swt\EBWebView\Default lastActive=2026-08-31T10:59:43.822Z
2026-09-19 19:37:26.518: [INFO] LastUsedProfileDir: D:\Java-Servlet\.metadata\.plugins\org.eclipse.swt\EBWebView\Default
2026-09-19 19:37:26.518: [INFO] MostRecentlyActiveProfile: name=Profile 1 path=D:\Java-Servlet\.metadata\.plugins\org.eclipse.swt\EBWebView\Default lastActive=2026-08-31T10:59:43.822Z
2026-09-19 19:37:26.518: [INFO] OnDoneLoading sync enabled: 0
2026-09-19 19:37:26.518: [INFO] BookmarkModelLoaded, ids_reassigned: 0
2026-09-19 19:37:26.518: [INFO] BookmarksLoadDropped droppedNodes=0
2026-09-19 19:37:26.518: [INFO] BookmarksSnapshot Startup total=0 bar=0 other=0 mobile=0 showBar=0 showBarNTP=1
2026-09-19 19:37:34.386: [INFO] BookmarksSnapshot Shutdown total=0 bar=0 other=0 mobile=0 showBar=0 showBarNTP=1
2026-09-19 19:39:48.051: [INFO] CurrentProfilePath: D:\Java-Servlet\.metadata\.plugins\org.eclipse.swt\EBWebView\Default
2026-09-19 19:39:48.051: [INFO] Profiles total count: 1
2026-09-19 19:39:48.051: [INFO] Profile: name=Profile 1 path=D:\Java-Servlet\.metadata\.plugins\org.eclipse.swt\EBWebView\Default lastActive=2026-08-31T10:59:43.822Z
2026-09-19 19:39:48.051: [INFO] LastUsedProfileDir: D:\Java-Servlet\.metadata\.plugins\org.eclipse.swt\EBWebView\Default
2026-09-19 19:39:48.051: [INFO] MostRecentlyActiveProfile: name=Profile 1 path=D:\Java-Servlet\.metadata\.plugins\org.eclipse.swt\EBWebView\Default lastActive=2026-08-31T10:59:43.822Z
2026-09-19 19:39:48.051: [INFO] OnDoneLoading sync enabled: 0
2026-09-19 19:39:48.051: [INFO] BookmarkModelLoaded, ids_reassigned: 0
2026-09-19 19:39:48.051: [INFO] BookmarksLoadDropped droppedNodes=0
2026-09-19 19:39:48.051: [INFO] BookmarksSnapshot Startup total=0 bar=0 other=0 mobile=0 showBar=0 showBarNTP=1
2026-09-19 19:46:58.358: [INFO] BookmarksSnapshot Shutdown total=0 bar=0 other=0 mobile=0 showBar=0 showBarNTP=1
2026-09-19 20:31:33.150: [INFO] CurrentProfilePath: D:\Java-Servlet\.metadata\.plugins\org.eclipse.swt\EBWebView\Default
2026-09-19 20:31:33.150: [INFO] Profiles total count: 1
2026-09-19 20:31:33.151: [INFO] Profile: name=Profile 1 path=D:\Java-Servlet\.metadata\.plugins\org.eclipse.swt\EBWebView\Default lastActive=2026-08-31T10:59:43.822Z
2026-09-19 20:31:33.151: [INFO] LastUsedProfileDir: D:\Java-Servlet\.metadata\.plugins\org.eclipse.swt\EBWebView\Default
2026-09-19 20:31:33.151: [INFO] MostRecentlyActiveProfile: name=Profile 1 path=D:\Java-Servlet\.metadata\.plugins\org.eclipse.swt\EBWebView\Default lastActive=2026-08-31T10:59:43.822Z
2026-09-19 20:31:33.151: [INFO] OnDoneLoading sync enabled: 0
2026-09-19 20:31:33.151: [INFO] BookmarkModelLoaded, ids_reassigned: 0
2026-09-19 20:31:33.151: [INFO] BookmarksLoadDropped droppedNodes=0
2026-09-19 20:31:33.151: [INFO] BookmarksSnapshot Startup total=0 bar=0 other=0 mobile=0 showBar=0 showBarNTP=1
2026-09-19 20:31:45.279: [INFO] BookmarksSnapshot Shutdown total=0 bar=0 other=0 mobile=0 showBar=0 showBarNTP=1
2026-09-19 20:31:54.566: [INFO] CurrentProfilePath: D:\Java-Servlet\.metadata\.plugins\org.eclipse.swt\EBWebView\Default
2026-09-19 20:31:54.566: [INFO] Profiles total count: 1
2026-09-19 20:31:54.566: [INFO] Profile: name=Profile 1 path=D:\Java-Servlet\.metadata\.plugins\org.eclipse.swt\EBWebView\Default lastActive=2026-08-31T10:59:43.822Z
2026-09-19 20:31:54.566: [INFO] LastUsedProfileDir: D:\Java-Servlet\.metadata\.plugins\org.eclipse.swt\EBWebView\Default
2026-09-19 20:31:54.566: [INFO] MostRecentlyActiveProfile: name=Profile 1 path=D:\Java-Servlet\.metadata\.plugins\org.eclipse.swt\EBWebView\Default lastActive=2026-08-31T10:59:43.822Z
2026-09-19 20:31:54.566: [INFO] OnDoneLoading sync enabled: 0
2026-09-19 20:31:54.566: [INFO] BookmarkModelLoaded, ids_reassigned: 0
2026-09-19 20:31:54.566: [INFO] BookmarksLoadDropped droppedNodes=0
2026-09-19 20:31:54.566: [INFO] BookmarksSnapshot Startup total=0 bar=0 other=0 mobile=0 showBar=0 showBarNTP=1
2026-09-19 20:31:59.710: [INFO] BookmarksSnapshot Shutdown total=0 bar=0 other=0 mobile=0 showBar=0 showBarNTP=1
2026-09-19 20:32:26.763: [INFO] CurrentProfilePath: D:\Java-Servlet\.metadata\.plugins\org.eclipse.swt\EBWebView\Default
2026-09-19 20:32:26.763: [INFO] Profiles total count: 1
2026-09-19 20:32:26.763: [INFO] Profile: name=Profile 1 path=D:\Java-Servlet\.metadata\.plugins\org.eclipse.swt\EBWebView\Default lastActive=2026-08-31T10:59:43.822Z
2026-09-19 20:32:26.763: [INFO] LastUsedProfileDir: D:\Java-Servlet\.metadata\.plugins\org.eclipse.swt\EBWebView\Default
2026-09-19 20:32:26.763: [INFO] MostRecentlyActiveProfile: name=Profile 1 path=D:\Java-Servlet\.metadata\.plugins\org.eclipse.swt\EBWebView\Default lastActive=2026-08-31T10:59:43.822Z
2026-09-19 20:32:26.763: [INFO] OnDoneLoading sync enabled: 0
2026-09-19 20:32:26.763: [INFO] BookmarkModelLoaded, ids_reassigned: 0
2026-09-19 20:32:26.763: [INFO] BookmarksLoadDropped droppedNodes=0
2026-09-19 20:32:26.763: [INFO] BookmarksSnapshot Startup total=0 bar=0 other=0 mobile=0 showBar=0 showBarNTP=1
2026-09-19 20:32:32.173: [INFO] BookmarksSnapshot Shutdown total=0 bar=0 other=0 mobile=0 showBar=0 showBarNTP=1
2026-09-19 20:48:35.866: [INFO] CurrentProfilePath: D:\Java-Servlet\.metadata\.plugins\org.eclipse.swt\EBWebView\Default
2026-09-19 20:48:35.866: [INFO] Profiles total count: 1
2026-09-19 20:48:35.866: [INFO] Profile: name=Profile 1 path=D:\Java-Servlet\.metadata\.plugins\org.eclipse.swt\EBWebView\Default lastActive=2026-08-31T10:59:43.822Z
2026-09-19 20:48:35.866: [INFO] LastUsedProfileDir: D:\Java-Servlet\.metadata\.plugins\org.eclipse.swt\EBWebView\Default
2026-09-19 20:48:35.866: [INFO] MostRecentlyActiveProfile: name=Profile 1 path=D:\Java-Servlet\.metadata\.plugins\org.eclipse.swt\EBWebView\Default lastActive=2026-08-31T10:59:43.822Z
2026-09-19 20:48:35.866: [INFO] OnDoneLoading sync enabled: 0
2026-09-19 20:48:35.866: [INFO] BookmarkModelLoaded, ids_reassigned: 0
2026-09-19 20:48:35.866: [INFO] BookmarksLoadDropped droppedNodes=0
2026-09-19 20:48:35.866: [INFO] BookmarksSnapshot Startup total=0 bar=0 other=0 mobile=0 showBar=0 showBarNTP=1
2026-09-19 20:48:46.295: [INFO] BookmarksSnapshot Shutdown total=0 bar=0 other=0 mobile=0 showBar=0 showBarNTP=1
